<!doctype html public "-//w3c//dtd html 4.0 transitional//en">
<html><head>
<title>Static Call Graph - [.\Output\HTTP_Server.axf]</title></head>
<body><HR>
<H1>Static Call Graph for image .\Output\HTTP_Server.axf</H1><HR>
<BR><P>#&#060CALLGRAPH&#062# ARM Linker, 5060960: Last Updated: Tue Mar 22 12:12:51 2022
<BR><P>
<H3>Maximum Stack Usage =        352 bytes + Unknown(Cycles, Untraceable Function Pointers)</H3><H3>
Call chain for Maximum Stack Depth:</H3>
main &rArr; net_main &rArr; net_sys_run &rArr; http_server_run &rArr; http_kill_session &rArr; cgi_process_data &rArr; get_time &rArr; sntp_get_time &rArr; sntp_send_message &rArr; udp_send &rArr; ip_send_frame &rArr; eth_send_frame &rArr; arp_cache_find &rArr; arp_send_request &rArr; eth_output
<P>
<H3>
Mutually Recursive functions
</H3> <LI><a href="#[8e]">os_error</a>&nbsp;&nbsp;&nbsp;&rArr;&nbsp;&nbsp;&nbsp;<a href="#[8e]">os_error</a><BR>
 <LI><a href="#[2d]">rt_alloc_box</a>&nbsp;&nbsp;&nbsp;&rArr;&nbsp;&nbsp;&nbsp;<a href="#[2d]">rt_alloc_box</a><BR>
 <LI><a href="#[4b]">os_idle_demon</a>&nbsp;&nbsp;&nbsp;&rArr;&nbsp;&nbsp;&nbsp;<a href="#[4b]">os_idle_demon</a><BR>
 <LI><a href="#[1]">NMI_Handler</a>&nbsp;&nbsp;&nbsp;&rArr;&nbsp;&nbsp;&nbsp;<a href="#[1]">NMI_Handler</a><BR>
 <LI><a href="#[2]">HardFault_Handler</a>&nbsp;&nbsp;&nbsp;&rArr;&nbsp;&nbsp;&nbsp;<a href="#[2]">HardFault_Handler</a><BR>
 <LI><a href="#[3]">MemManage_Handler</a>&nbsp;&nbsp;&nbsp;&rArr;&nbsp;&nbsp;&nbsp;<a href="#[3]">MemManage_Handler</a><BR>
 <LI><a href="#[4]">BusFault_Handler</a>&nbsp;&nbsp;&nbsp;&rArr;&nbsp;&nbsp;&nbsp;<a href="#[4]">BusFault_Handler</a><BR>
 <LI><a href="#[5]">UsageFault_Handler</a>&nbsp;&nbsp;&nbsp;&rArr;&nbsp;&nbsp;&nbsp;<a href="#[5]">UsageFault_Handler</a><BR>
 <LI><a href="#[7]">DebugMon_Handler</a>&nbsp;&nbsp;&nbsp;&rArr;&nbsp;&nbsp;&nbsp;<a href="#[7]">DebugMon_Handler</a><BR>
 <LI><a href="#[21]">BOD_IRQHandler</a>&nbsp;&nbsp;&nbsp;&rArr;&nbsp;&nbsp;&nbsp;<a href="#[21]">BOD_IRQHandler</a><BR>
 <LI><a href="#[105]">net_sys_error</a>&nbsp;&nbsp;&nbsp;&rArr;&nbsp;&nbsp;&nbsp;<a href="#[105]">net_sys_error</a><BR>
 <LI><a href="#[7a]">eth_thread</a>&nbsp;&nbsp;&nbsp;&rArr;&nbsp;&nbsp;&nbsp;<a href="#[7a]">eth_thread</a><BR>
 <LI><a href="#[18d]">str_up_case</a>&nbsp;&nbsp;&nbsp;&rArr;&nbsp;&nbsp;&nbsp;<a href="#[18d]">str_up_case</a><BR>
</UL>
<P>
<H3>
Function Pointers
</H3><UL>
 <LI><a href="#[20]">ADC_IRQHandler</a> from potenciometro.o(.text) referenced from startup_lpc17xx_1.o(RESET)
 <LI><a href="#[21]">BOD_IRQHandler</a> from startup_lpc17xx_1.o(.text) referenced from startup_lpc17xx_1.o(RESET)
 <LI><a href="#[4e]">BlinkLed</a> from http_server.o(.text) referenced from http_server.o(.constdata)
 <LI><a href="#[4]">BusFault_Handler</a> from startup_lpc17xx_1.o(.text) referenced from startup_lpc17xx_1.o(RESET)
 <LI><a href="#[2c]">CANActivity_IRQHandler</a> from startup_lpc17xx_1.o(.text) referenced from startup_lpc17xx_1.o(RESET)
 <LI><a href="#[23]">CAN_IRQHandler</a> from startup_lpc17xx_1.o(.text) referenced from startup_lpc17xx_1.o(RESET)
 <LI><a href="#[6a]">Control</a> from emac_lpc17xx.o(.text) referenced from emac_lpc17xx.o(.constdata)
 <LI><a href="#[69]">ControlTimer</a> from emac_lpc17xx.o(.text) referenced from emac_lpc17xx.o(.constdata)
 <LI><a href="#[24]">DMA_IRQHandler</a> from gpdma_lpc17xx.o(.text) referenced from startup_lpc17xx_1.o(RESET)
 <LI><a href="#[7]">DebugMon_Handler</a> from startup_lpc17xx_1.o(.text) referenced from startup_lpc17xx_1.o(RESET)
 <LI><a href="#[1c]">EINT0_IRQHandler</a> from startup_lpc17xx_1.o(.text) referenced from startup_lpc17xx_1.o(RESET)
 <LI><a href="#[1d]">EINT1_IRQHandler</a> from startup_lpc17xx_1.o(.text) referenced from startup_lpc17xx_1.o(RESET)
 <LI><a href="#[1e]">EINT2_IRQHandler</a> from startup_lpc17xx_1.o(.text) referenced from startup_lpc17xx_1.o(RESET)
 <LI><a href="#[1f]">EINT3_IRQHandler</a> from rtc.o(.text) referenced from startup_lpc17xx_1.o(RESET)
 <LI><a href="#[26]">ENET_IRQHandler</a> from emac_lpc17xx.o(.text) referenced from startup_lpc17xx_1.o(RESET)
 <LI><a href="#[5d]">GetCapabilities</a> from emac_lpc17xx.o(.text) referenced from emac_lpc17xx.o(.constdata)
 <LI><a href="#[5b]">GetLinkInfo</a> from phy_dp83848c.o(.text) referenced from phy_dp83848c.o(.constdata)
 <LI><a href="#[5a]">GetLinkState</a> from phy_dp83848c.o(.text) referenced from phy_dp83848c.o(.constdata)
 <LI><a href="#[61]">GetMacAddress</a> from emac_lpc17xx.o(.text) referenced from emac_lpc17xx.o(.constdata)
 <LI><a href="#[66]">GetRxFrameSize</a> from emac_lpc17xx.o(.text) referenced from emac_lpc17xx.o(.constdata)
 <LI><a href="#[67]">GetRxFrameTime</a> from emac_lpc17xx.o(.text) referenced from emac_lpc17xx.o(.constdata)
 <LI><a href="#[68]">GetTxFrameTime</a> from emac_lpc17xx.o(.text) referenced from emac_lpc17xx.o(.constdata)
 <LI><a href="#[54]">GetVersion</a> from phy_dp83848c.o(.text) referenced 2 times from phy_dp83848c.o(.constdata)
 <LI><a href="#[2]">HardFault_Handler</a> from startup_lpc17xx_1.o(.text) referenced from startup_lpc17xx_1.o(RESET)
 <LI><a href="#[14]">I2C0_IRQHandler</a> from startup_lpc17xx_1.o(.text) referenced from startup_lpc17xx_1.o(RESET)
 <LI><a href="#[15]">I2C1_IRQHandler</a> from startup_lpc17xx_1.o(.text) referenced from startup_lpc17xx_1.o(RESET)
 <LI><a href="#[16]">I2C2_IRQHandler</a> from startup_lpc17xx_1.o(.text) referenced from startup_lpc17xx_1.o(RESET)
 <LI><a href="#[25]">I2S_IRQHandler</a> from startup_lpc17xx_1.o(.text) referenced from startup_lpc17xx_1.o(RESET)
 <LI><a href="#[55]">Initialize</a> from phy_dp83848c.o(.text) referenced 2 times from phy_dp83848c.o(.constdata)
 <LI><a href="#[28]">MCPWM_IRQHandler</a> from startup_lpc17xx_1.o(.text) referenced from startup_lpc17xx_1.o(RESET)
 <LI><a href="#[3]">MemManage_Handler</a> from startup_lpc17xx_1.o(.text) referenced from startup_lpc17xx_1.o(RESET)
 <LI><a href="#[1]">NMI_Handler</a> from startup_lpc17xx_1.o(.text) referenced from startup_lpc17xx_1.o(RESET)
 <LI><a href="#[6b]">PHY_Read</a> from emac_lpc17xx.o(.text) referenced from emac_lpc17xx.o(.constdata)
 <LI><a href="#[6c]">PHY_Write</a> from emac_lpc17xx.o(.text) referenced from emac_lpc17xx.o(.constdata)
 <LI><a href="#[1a]">PLL0_IRQHandler</a> from startup_lpc17xx_1.o(.text) referenced from startup_lpc17xx_1.o(RESET)
 <LI><a href="#[2a]">PLL1_IRQHandler</a> from startup_lpc17xx_1.o(.text) referenced from startup_lpc17xx_1.o(RESET)
 <LI><a href="#[13]">PWM1_IRQHandler</a> from startup_lpc17xx_1.o(.text) referenced from startup_lpc17xx_1.o(RESET)
 <LI><a href="#[8]">PendSV_Handler</a> from hal_cm3.o(.emb_text) referenced from startup_lpc17xx_1.o(RESET)
 <LI><a href="#[57]">PowerControl</a> from phy_dp83848c.o(.text) referenced 2 times from phy_dp83848c.o(.constdata)
 <LI><a href="#[29]">QEI_IRQHandler</a> from startup_lpc17xx_1.o(.text) referenced from startup_lpc17xx_1.o(RESET)
 <LI><a href="#[27]">RIT_IRQHandler</a> from startup_lpc17xx_1.o(.text) referenced from startup_lpc17xx_1.o(RESET)
 <LI><a href="#[4f]">RTC</a> from http_server.o(.text) referenced from http_server.o(.constdata)
 <LI><a href="#[1b]">RTC_IRQHandler</a> from rtc.o(.text) referenced from startup_lpc17xx_1.o(RESET)
 <LI><a href="#[65]">ReadFrame</a> from emac_lpc17xx.o(.text) referenced from emac_lpc17xx.o(.constdata)
 <LI><a href="#[0]">Reset_Handler</a> from startup_lpc17xx_1.o(.text) referenced from startup_lpc17xx_1.o(RESET)
 <LI><a href="#[17]">SPI_IRQHandler</a> from startup_lpc17xx_1.o(.text) referenced from startup_lpc17xx_1.o(RESET)
 <LI><a href="#[18]">SSP0_IRQHandler</a> from startup_lpc17xx_1.o(.text) referenced from startup_lpc17xx_1.o(RESET)
 <LI><a href="#[78]">SSP1_Control</a> from ssp_lpc17xx.o(.text) referenced from ssp_lpc17xx.o(.constdata)
 <LI><a href="#[6e]">SSP1_GPDMA_Rx_SignalEvent</a> from ssp_lpc17xx.o(.text) referenced from ssp_lpc17xx.o(.constdata)
 <LI><a href="#[6d]">SSP1_GPDMA_Tx_SignalEvent</a> from ssp_lpc17xx.o(.text) referenced from ssp_lpc17xx.o(.constdata)
 <LI><a href="#[77]">SSP1_GetDataCount</a> from ssp_lpc17xx.o(.text) referenced from ssp_lpc17xx.o(.constdata)
 <LI><a href="#[79]">SSP1_GetStatus</a> from ssp_lpc17xx.o(.text) referenced from ssp_lpc17xx.o(.constdata)
 <LI><a href="#[19]">SSP1_IRQHandler</a> from ssp_lpc17xx.o(.text) referenced from startup_lpc17xx_1.o(RESET)
 <LI><a href="#[71]">SSP1_Initialize</a> from ssp_lpc17xx.o(.text) referenced from ssp_lpc17xx.o(.constdata)
 <LI><a href="#[73]">SSP1_PowerControl</a> from ssp_lpc17xx.o(.text) referenced from ssp_lpc17xx.o(.constdata)
 <LI><a href="#[75]">SSP1_Receive</a> from ssp_lpc17xx.o(.text) referenced from ssp_lpc17xx.o(.constdata)
 <LI><a href="#[74]">SSP1_Send</a> from ssp_lpc17xx.o(.text) referenced from ssp_lpc17xx.o(.constdata)
 <LI><a href="#[76]">SSP1_Transfer</a> from ssp_lpc17xx.o(.text) referenced from ssp_lpc17xx.o(.constdata)
 <LI><a href="#[72]">SSP1_Uninitialize</a> from ssp_lpc17xx.o(.text) referenced from ssp_lpc17xx.o(.constdata)
 <LI><a href="#[70]">SSP_GetCapabilities</a> from ssp_lpc17xx.o(.text) referenced from ssp_lpc17xx.o(.constdata)
 <LI><a href="#[6f]">SSP_GetVersion</a> from ssp_lpc17xx.o(.text) referenced from ssp_lpc17xx.o(.constdata)
 <LI><a href="#[6]">SVC_Handler</a> from hal_cm3.o(.emb_text) referenced from startup_lpc17xx_1.o(RESET)
 <LI><a href="#[64]">SendFrame</a> from emac_lpc17xx.o(.text) referenced from emac_lpc17xx.o(.constdata)
 <LI><a href="#[63]">SetAddressFilter</a> from emac_lpc17xx.o(.text) referenced from emac_lpc17xx.o(.constdata)
 <LI><a href="#[58]">SetInterface</a> from phy_dp83848c.o(.text) referenced from phy_dp83848c.o(.constdata)
 <LI><a href="#[62]">SetMacAddress</a> from emac_lpc17xx.o(.text) referenced from emac_lpc17xx.o(.constdata)
 <LI><a href="#[59]">SetMode</a> from phy_dp83848c.o(.text) referenced from phy_dp83848c.o(.constdata)
 <LI><a href="#[9]">SysTick_Handler</a> from hal_cm3.o(.emb_text) referenced from startup_lpc17xx_1.o(RESET)
 <LI><a href="#[2f]">SystemInit</a> from system_lpc17xx_1.o(.text) referenced from startup_lpc17xx_1.o(.text)
 <LI><a href="#[b]">TIMER0_IRQHandler</a> from startup_lpc17xx_1.o(.text) referenced from startup_lpc17xx_1.o(RESET)
 <LI><a href="#[c]">TIMER1_IRQHandler</a> from startup_lpc17xx_1.o(.text) referenced from startup_lpc17xx_1.o(RESET)
 <LI><a href="#[d]">TIMER2_IRQHandler</a> from startup_lpc17xx_1.o(.text) referenced from startup_lpc17xx_1.o(RESET)
 <LI><a href="#[e]">TIMER3_IRQHandler</a> from startup_lpc17xx_1.o(.text) referenced from startup_lpc17xx_1.o(RESET)
 <LI><a href="#[f]">UART0_IRQHandler</a> from startup_lpc17xx_1.o(.text) referenced from startup_lpc17xx_1.o(RESET)
 <LI><a href="#[10]">UART1_IRQHandler</a> from startup_lpc17xx_1.o(.text) referenced from startup_lpc17xx_1.o(RESET)
 <LI><a href="#[11]">UART2_IRQHandler</a> from startup_lpc17xx_1.o(.text) referenced from startup_lpc17xx_1.o(RESET)
 <LI><a href="#[12]">UART3_IRQHandler</a> from startup_lpc17xx_1.o(.text) referenced from startup_lpc17xx_1.o(RESET)
 <LI><a href="#[2b]">USBActivity_IRQHandler</a> from startup_lpc17xx_1.o(.text) referenced from startup_lpc17xx_1.o(RESET)
 <LI><a href="#[22]">USB_IRQHandler</a> from startup_lpc17xx_1.o(.text) referenced from startup_lpc17xx_1.o(RESET)
 <LI><a href="#[56]">Uninitialize</a> from phy_dp83848c.o(.text) referenced 2 times from phy_dp83848c.o(.constdata)
 <LI><a href="#[5]">UsageFault_Handler</a> from startup_lpc17xx_1.o(.text) referenced from startup_lpc17xx_1.o(RESET)
 <LI><a href="#[a]">WDT_IRQHandler</a> from startup_lpc17xx_1.o(.text) referenced from startup_lpc17xx_1.o(RESET)
 <LI><a href="#[30]">__main</a> from entry.o(.ARM.Collect$$$$00000000) referenced from startup_lpc17xx_1.o(.text)
 <LI><a href="#[33]">_sbackspace</a> from _sgetc.o(.text) referenced from __0sscanf.o(.text)
 <LI><a href="#[34]">_scanf_char_input</a> from scanf_char.o(.text) referenced from scanf_char.o(.text)
 <LI><a href="#[32]">_sgetc</a> from _sgetc.o(.text) referenced from __0sscanf.o(.text)
 <LI><a href="#[36]">_sputc</a> from printfa.o(i._sputc) referenced from printfa.o(i.__0sprintf)
 <LI><a href="#[50]">callback_Timer_pwd</a> from rebotes_joystick.o(.text) referenced from rebotes_joystick.o(.constdata)
 <LI><a href="#[37]">eth_notify</a> from net_eth.o(i.eth_notify) referenced from net_eth.o(i.eth_init_link)
 <LI><a href="#[7a]">eth_thread</a> from net_eth.o(i.eth_thread) referenced from net_eth.o(.constdata)
 <LI><a href="#[38]">http_listener</a> from net_http_server.o(i.http_listener) referenced from net_http_server.o(i.http_server_init)
 <LI><a href="#[35]">isspace</a> from isspace_o.o(.text) referenced from scanf_char.o(.text)
 <LI><a href="#[52]">main</a> from http_server.o(.text) referenced from rtx_conf_cm.o(.constdata)
 <LI><a href="#[39]">nbns_listener</a> from net_nbns_client.o(i.nbns_listener) referenced from net_nbns_client.o(i.nbns_client_init)
 <LI><a href="#[7b]">net_timer_tick</a> from net_sys.o(i.net_timer_tick) referenced from net_sys.o(.constdata)
 <LI><a href="#[4d]">osThreadExit</a> from rt_cmsis.o(i.osThreadExit) referenced from rt_cmsis.o(i.svcThreadCreate)
 <LI><a href="#[53]">osTimerThread</a> from rt_cmsis.o(i.osTimerThread) referenced from rtx_conf_cm.o(.constdata)
 <LI><a href="#[4b]">os_idle_demon</a> from rtx_conf_cm.o(.text) referenced from rt_task.o(i.rt_sys_init)
 <LI><a href="#[51]">rebotes_joystick</a> from rebotes_joystick.o(.text) referenced from rebotes_joystick.o(.constdata)
 <LI><a href="#[2d]">rt_alloc_box</a> from rt_membox.o(i.rt_alloc_box) referenced from hal_cm3.o(.emb_text)
 <LI><a href="#[2e]">rt_free_box</a> from rt_membox.o(i.rt_free_box) referenced from hal_cm3.o(.emb_text)
 <LI><a href="#[4c]">sntp_listener</a> from net_sntp_client.o(i.sntp_listener) referenced from net_sntp_client.o(i.sntp_client_init)
 <LI><a href="#[3a]">svcDelay</a> from rt_cmsis.o(i.svcDelay) referenced from rt_cmsis.o(i.osDelay)
 <LI><a href="#[3b]">svcKernelInitialize</a> from rt_cmsis.o(i.svcKernelInitialize) referenced from rt_cmsis.o(i.osKernelInitialize)
 <LI><a href="#[3c]">svcKernelStart</a> from rt_cmsis.o(i.svcKernelStart) referenced from rt_cmsis.o(i.osKernelStart)
 <LI><a href="#[3d]">svcKernelSysTick</a> from rt_cmsis.o(i.svcKernelSysTick) referenced from rt_cmsis.o(i.osKernelSysTick)
 <LI><a href="#[3e]">svcMessageGet</a> from rt_cmsis.o(i.svcMessageGet) referenced from rt_cmsis.o(i.osMessageGet)
 <LI><a href="#[3f]">svcMutexCreate</a> from rt_cmsis.o(i.svcMutexCreate) referenced from rt_cmsis.o(i.osMutexCreate)
 <LI><a href="#[40]">svcMutexRelease</a> from rt_cmsis.o(i.svcMutexRelease) referenced from rt_cmsis.o(i.osMutexRelease)
 <LI><a href="#[41]">svcMutexWait</a> from rt_cmsis.o(i.svcMutexWait) referenced from rt_cmsis.o(i.osMutexWait)
 <LI><a href="#[42]">svcSignalSet</a> from rt_cmsis.o(i.svcSignalSet) referenced from rt_cmsis.o(i.osSignalSet)
 <LI><a href="#[43]">svcSignalWait</a> from rt_cmsis.o(i.svcSignalWait) referenced from rt_cmsis.o(i.osSignalWait)
 <LI><a href="#[44]">svcThreadCreate</a> from rt_cmsis.o(i.svcThreadCreate) referenced from rt_cmsis.o(i.osThreadCreate)
 <LI><a href="#[45]">svcThreadGetId</a> from rt_cmsis.o(i.svcThreadGetId) referenced from rt_cmsis.o(i.osThreadExit)
 <LI><a href="#[46]">svcThreadTerminate</a> from rt_cmsis.o(i.svcThreadTerminate) referenced from rt_cmsis.o(i.osThreadExit)
 <LI><a href="#[47]">svcThreadYield</a> from rt_cmsis.o(i.svcThreadYield) referenced from rt_cmsis.o(i.osThreadYield)
 <LI><a href="#[48]">svcTimerCall</a> from rt_cmsis.o(i.svcTimerCall) referenced from rt_cmsis.o(i.osTimerCall)
 <LI><a href="#[49]">svcTimerCreate</a> from rt_cmsis.o(i.svcTimerCreate) referenced from rt_cmsis.o(i.osTimerCreate)
 <LI><a href="#[4a]">svcTimerStart</a> from rt_cmsis.o(i.svcTimerStart) referenced from rt_cmsis.o(i.osTimerStart)
 <LI><a href="#[31]">time_cback</a> from rtc.o(.text) referenced from rtc.o(.text)
</UL>
<P>
<H3>
Global Symbols
</H3>
<P><STRONG><a name="[30]"></a>__main</STRONG> (Thumb, 0 bytes, Stack size unknown bytes, entry.o(.ARM.Collect$$$$00000000))
<BR>[Address Reference Count : 1]<UL><LI> startup_lpc17xx_1.o(.text)
</UL>
<P><STRONG><a name="[1dc]"></a>_main_stk</STRONG> (Thumb, 0 bytes, Stack size unknown bytes, entry2.o(.ARM.Collect$$$$00000001))

<P><STRONG><a name="[7c]"></a>_main_scatterload</STRONG> (Thumb, 0 bytes, Stack size unknown bytes, entry5.o(.ARM.Collect$$$$00000004))
<BR><BR>[Calls]<UL><LI><a href="#[7d]">&gt;&gt;</a>&nbsp;&nbsp;&nbsp;__scatterload
</UL>

<P><STRONG><a name="[11e]"></a>__main_after_scatterload</STRONG> (Thumb, 0 bytes, Stack size unknown bytes, entry5.o(.ARM.Collect$$$$00000004))
<BR><BR>[Called By]<UL><LI><a href="#[7d]">&gt;&gt;</a>&nbsp;&nbsp;&nbsp;__scatterload
</UL>

<P><STRONG><a name="[1dd]"></a>__rt_lib_shutdown_fini</STRONG> (Thumb, 0 bytes, Stack size unknown bytes, entry12b.o(.ARM.Collect$$$$0000000E))

<P><STRONG><a name="[1de]"></a>_main_clock</STRONG> (Thumb, 0 bytes, Stack size unknown bytes, entry7b.o(.ARM.Collect$$$$00000008))

<P><STRONG><a name="[1df]"></a>_main_cpp_init</STRONG> (Thumb, 0 bytes, Stack size unknown bytes, entry8b.o(.ARM.Collect$$$$0000000A))

<P><STRONG><a name="[1e0]"></a>__rt_final_cpp</STRONG> (Thumb, 0 bytes, Stack size 0 bytes, entry10a.o(.ARM.Collect$$$$0000000F))

<P><STRONG><a name="[1e1]"></a>__rt_final_exit</STRONG> (Thumb, 0 bytes, Stack size 0 bytes, entry11a.o(.ARM.Collect$$$$00000011))

<P><STRONG><a name="[7e]"></a>_main_init</STRONG> (Thumb, 18 bytes, Stack size 0 bytes, rtx_conf_cm.o(.ARM.Collect$$$$000000FF))
<BR><BR>[Stack]<UL><LI>Max Depth = 80<LI>Call Chain = _main_init &rArr; osKernelInitialize &rArr; svcKernelInitialize &rArr; svcThreadCreate &rArr; rt_tsk_create &rArr; rt_init_context &rArr; rt_init_stack
</UL>
<BR>[Calls]<UL><LI><a href="#[81]">&gt;&gt;</a>&nbsp;&nbsp;&nbsp;osKernelStart
<LI><a href="#[7f]">&gt;&gt;</a>&nbsp;&nbsp;&nbsp;osKernelInitialize
<LI><a href="#[80]">&gt;&gt;</a>&nbsp;&nbsp;&nbsp;osThreadCreate
</UL>

<P><STRONG><a name="[1e2]"></a>rt_set_PSP</STRONG> (Thumb, 6 bytes, Stack size 0 bytes, hal_cm3.o(.emb_text), UNUSED)

<P><STRONG><a name="[1b8]"></a>rt_get_PSP</STRONG> (Thumb, 6 bytes, Stack size 0 bytes, hal_cm3.o(.emb_text))
<BR><BR>[Called By]<UL><LI><a href="#[1b7]">&gt;&gt;</a>&nbsp;&nbsp;&nbsp;rt_tsk_delete
</UL>

<P><STRONG><a name="[1e3]"></a>os_set_env</STRONG> (Thumb, 24 bytes, Stack size 0 bytes, hal_cm3.o(.emb_text), UNUSED)

<P><STRONG><a name="[1e4]"></a>_alloc_box</STRONG> (Thumb, 28 bytes, Stack size 0 bytes, hal_cm3.o(.emb_text), UNUSED)

<P><STRONG><a name="[1e5]"></a>_free_box</STRONG> (Thumb, 28 bytes, Stack size 0 bytes, hal_cm3.o(.emb_text), UNUSED)

<P><STRONG><a name="[6]"></a>SVC_Handler</STRONG> (Thumb, 108 bytes, Stack size 0 bytes, hal_cm3.o(.emb_text))
<BR><BR>[Calls]<UL><LI><a href="#[82]">&gt;&gt;</a>&nbsp;&nbsp;&nbsp;rt_stk_check
</UL>
<BR>[Address Reference Count : 1]<UL><LI> startup_lpc17xx_1.o(RESET)
</UL>
<P><STRONG><a name="[8]"></a>PendSV_Handler</STRONG> (Thumb, 56 bytes, Stack size 0 bytes, hal_cm3.o(.emb_text))
<BR><BR>[Stack]<UL><LI>Max Depth = 52<LI>Call Chain = PendSV_Handler &rArr; rt_pop_req &rArr; rt_mbx_psh &rArr; rt_put_prio
</UL>
<BR>[Calls]<UL><LI><a href="#[83]">&gt;&gt;</a>&nbsp;&nbsp;&nbsp;rt_pop_req
<LI><a href="#[82]">&gt;&gt;</a>&nbsp;&nbsp;&nbsp;rt_stk_check
</UL>
<BR>[Address Reference Count : 1]<UL><LI> startup_lpc17xx_1.o(RESET)
</UL>
<P><STRONG><a name="[9]"></a>SysTick_Handler</STRONG> (Thumb, 8 bytes, Stack size 0 bytes, hal_cm3.o(.emb_text))
<BR><BR>[Stack]<UL><LI>Max Depth = 72<LI>Call Chain = SysTick_Handler &rArr; rt_systick &rArr; sysTimerTick &rArr; isrMessagePut &rArr; isr_mbx_send &rArr; rt_psq_enq
</UL>
<BR>[Calls]<UL><LI><a href="#[84]">&gt;&gt;</a>&nbsp;&nbsp;&nbsp;rt_systick
</UL>
<BR>[Address Reference Count : 1]<UL><LI> startup_lpc17xx_1.o(RESET)
</UL>
<P><STRONG><a name="[85]"></a>OS_Tick_Handler</STRONG> (Thumb, 12 bytes, Stack size 0 bytes, hal_cm3.o(.emb_text), UNUSED)
<BR><BR>[Calls]<UL><LI><a href="#[86]">&gt;&gt;</a>&nbsp;&nbsp;&nbsp;os_tick_irqack
<LI><a href="#[84]">&gt;&gt;</a>&nbsp;&nbsp;&nbsp;rt_systick
</UL>

<P><STRONG><a name="[15d]"></a>imageFileInfo</STRONG> (Thumb, 82 bytes, Stack size 8 bytes, web.o(.text))
<BR><BR>[Stack]<UL><LI>Max Depth = 8<LI>Call Chain = imageFileInfo
</UL>
<BR>[Called By]<UL><LI><a href="#[156]">&gt;&gt;</a>&nbsp;&nbsp;&nbsp;http_open_file
</UL>

<P><STRONG><a name="[87]"></a>Buttons_Initialize</STRONG> (Thumb, 38 bytes, Stack size 8 bytes, buttons_mcb1700.o(.text), UNUSED)
<BR><BR>[Calls]<UL><LI><a href="#[88]">&gt;&gt;</a>&nbsp;&nbsp;&nbsp;GPIO_PortClock
<LI><a href="#[89]">&gt;&gt;</a>&nbsp;&nbsp;&nbsp;PIN_Configure
<LI><a href="#[8a]">&gt;&gt;</a>&nbsp;&nbsp;&nbsp;GPIO_SetDir
</UL>

<P><STRONG><a name="[8b]"></a>Buttons_Uninitialize</STRONG> (Thumb, 22 bytes, Stack size 8 bytes, buttons_mcb1700.o(.text), UNUSED)
<BR><BR>[Calls]<UL><LI><a href="#[89]">&gt;&gt;</a>&nbsp;&nbsp;&nbsp;PIN_Configure
</UL>

<P><STRONG><a name="[8c]"></a>Buttons_GetState</STRONG> (Thumb, 20 bytes, Stack size 8 bytes, buttons_mcb1700.o(.text))
<BR><BR>[Stack]<UL><LI>Max Depth = 8<LI>Call Chain = Buttons_GetState
</UL>
<BR>[Calls]<UL><LI><a href="#[8d]">&gt;&gt;</a>&nbsp;&nbsp;&nbsp;GPIO_PinRead
</UL>
<BR>[Called By]<UL><LI><a href="#[94]">&gt;&gt;</a>&nbsp;&nbsp;&nbsp;get_button
</UL>

<P><STRONG><a name="[1e6]"></a>Buttons_GetCount</STRONG> (Thumb, 4 bytes, Stack size 0 bytes, buttons_mcb1700.o(.text), UNUSED)

<P><STRONG><a name="[4b]"></a>os_idle_demon</STRONG> (Thumb, 2 bytes, Stack size 0 bytes, rtx_conf_cm.o(.text))
<BR><BR>[Calls]<UL><LI><a href="#[4b]">&gt;&gt;</a>&nbsp;&nbsp;&nbsp;os_idle_demon
</UL>
<BR>[Called By]<UL><LI><a href="#[4b]">&gt;&gt;</a>&nbsp;&nbsp;&nbsp;os_idle_demon
</UL>
<BR>[Address Reference Count : 1]<UL><LI> rt_task.o(i.rt_sys_init)
</UL>
<P><STRONG><a name="[8e]"></a>os_error</STRONG> (Thumb, 2 bytes, Stack size 0 bytes, rtx_conf_cm.o(.text))
<BR><BR>[Calls]<UL><LI><a href="#[8e]">&gt;&gt;</a>&nbsp;&nbsp;&nbsp;os_error
</UL>
<BR>[Called By]<UL><LI><a href="#[8e]">&gt;&gt;</a>&nbsp;&nbsp;&nbsp;os_error
<LI><a href="#[1a5]">&gt;&gt;</a>&nbsp;&nbsp;&nbsp;rt_mbx_psh
<LI><a href="#[82]">&gt;&gt;</a>&nbsp;&nbsp;&nbsp;rt_stk_check
<LI><a href="#[181]">&gt;&gt;</a>&nbsp;&nbsp;&nbsp;rt_psq_enq
<LI><a href="#[1b4]">&gt;&gt;</a>&nbsp;&nbsp;&nbsp;sysTimerTick
</UL>

<P><STRONG><a name="[0]"></a>Reset_Handler</STRONG> (Thumb, 8 bytes, Stack size 0 bytes, startup_lpc17xx_1.o(.text))
<BR>[Address Reference Count : 1]<UL><LI> startup_lpc17xx_1.o(RESET)
</UL>
<P><STRONG><a name="[1]"></a>NMI_Handler</STRONG> (Thumb, 2 bytes, Stack size 0 bytes, startup_lpc17xx_1.o(.text))
<BR><BR>[Calls]<UL><LI><a href="#[1]">&gt;&gt;</a>&nbsp;&nbsp;&nbsp;NMI_Handler
</UL>
<BR>[Called By]<UL><LI><a href="#[1]">&gt;&gt;</a>&nbsp;&nbsp;&nbsp;NMI_Handler
</UL>
<BR>[Address Reference Count : 1]<UL><LI> startup_lpc17xx_1.o(RESET)
</UL>
<P><STRONG><a name="[2]"></a>HardFault_Handler</STRONG> (Thumb, 2 bytes, Stack size 0 bytes, startup_lpc17xx_1.o(.text))
<BR><BR>[Calls]<UL><LI><a href="#[2]">&gt;&gt;</a>&nbsp;&nbsp;&nbsp;HardFault_Handler
</UL>
<BR>[Called By]<UL><LI><a href="#[2]">&gt;&gt;</a>&nbsp;&nbsp;&nbsp;HardFault_Handler
</UL>
<BR>[Address Reference Count : 1]<UL><LI> startup_lpc17xx_1.o(RESET)
</UL>
<P><STRONG><a name="[3]"></a>MemManage_Handler</STRONG> (Thumb, 2 bytes, Stack size 0 bytes, startup_lpc17xx_1.o(.text))
<BR><BR>[Calls]<UL><LI><a href="#[3]">&gt;&gt;</a>&nbsp;&nbsp;&nbsp;MemManage_Handler
</UL>
<BR>[Called By]<UL><LI><a href="#[3]">&gt;&gt;</a>&nbsp;&nbsp;&nbsp;MemManage_Handler
</UL>
<BR>[Address Reference Count : 1]<UL><LI> startup_lpc17xx_1.o(RESET)
</UL>
<P><STRONG><a name="[4]"></a>BusFault_Handler</STRONG> (Thumb, 2 bytes, Stack size 0 bytes, startup_lpc17xx_1.o(.text))
<BR><BR>[Calls]<UL><LI><a href="#[4]">&gt;&gt;</a>&nbsp;&nbsp;&nbsp;BusFault_Handler
</UL>
<BR>[Called By]<UL><LI><a href="#[4]">&gt;&gt;</a>&nbsp;&nbsp;&nbsp;BusFault_Handler
</UL>
<BR>[Address Reference Count : 1]<UL><LI> startup_lpc17xx_1.o(RESET)
</UL>
<P><STRONG><a name="[5]"></a>UsageFault_Handler</STRONG> (Thumb, 2 bytes, Stack size 0 bytes, startup_lpc17xx_1.o(.text))
<BR><BR>[Calls]<UL><LI><a href="#[5]">&gt;&gt;</a>&nbsp;&nbsp;&nbsp;UsageFault_Handler
</UL>
<BR>[Called By]<UL><LI><a href="#[5]">&gt;&gt;</a>&nbsp;&nbsp;&nbsp;UsageFault_Handler
</UL>
<BR>[Address Reference Count : 1]<UL><LI> startup_lpc17xx_1.o(RESET)
</UL>
<P><STRONG><a name="[7]"></a>DebugMon_Handler</STRONG> (Thumb, 2 bytes, Stack size 0 bytes, startup_lpc17xx_1.o(.text))
<BR><BR>[Calls]<UL><LI><a href="#[7]">&gt;&gt;</a>&nbsp;&nbsp;&nbsp;DebugMon_Handler
</UL>
<BR>[Called By]<UL><LI><a href="#[7]">&gt;&gt;</a>&nbsp;&nbsp;&nbsp;DebugMon_Handler
</UL>
<BR>[Address Reference Count : 1]<UL><LI> startup_lpc17xx_1.o(RESET)
</UL>
<P><STRONG><a name="[21]"></a>BOD_IRQHandler</STRONG> (Thumb, 0 bytes, Stack size 0 bytes, startup_lpc17xx_1.o(.text))
<BR><BR>[Calls]<UL><LI><a href="#[21]">&gt;&gt;</a>&nbsp;&nbsp;&nbsp;BOD_IRQHandler
</UL>
<BR>[Called By]<UL><LI><a href="#[21]">&gt;&gt;</a>&nbsp;&nbsp;&nbsp;BOD_IRQHandler
</UL>
<BR>[Address Reference Count : 1]<UL><LI> startup_lpc17xx_1.o(RESET)
</UL>
<P><STRONG><a name="[2c]"></a>CANActivity_IRQHandler</STRONG> (Thumb, 0 bytes, Stack size 0 bytes, startup_lpc17xx_1.o(.text))
<BR>[Address Reference Count : 1]<UL><LI> startup_lpc17xx_1.o(RESET)
</UL>
<P><STRONG><a name="[23]"></a>CAN_IRQHandler</STRONG> (Thumb, 0 bytes, Stack size 0 bytes, startup_lpc17xx_1.o(.text))
<BR>[Address Reference Count : 1]<UL><LI> startup_lpc17xx_1.o(RESET)
</UL>
<P><STRONG><a name="[1c]"></a>EINT0_IRQHandler</STRONG> (Thumb, 0 bytes, Stack size 0 bytes, startup_lpc17xx_1.o(.text))
<BR>[Address Reference Count : 1]<UL><LI> startup_lpc17xx_1.o(RESET)
</UL>
<P><STRONG><a name="[1d]"></a>EINT1_IRQHandler</STRONG> (Thumb, 0 bytes, Stack size 0 bytes, startup_lpc17xx_1.o(.text))
<BR>[Address Reference Count : 1]<UL><LI> startup_lpc17xx_1.o(RESET)
</UL>
<P><STRONG><a name="[1e]"></a>EINT2_IRQHandler</STRONG> (Thumb, 0 bytes, Stack size 0 bytes, startup_lpc17xx_1.o(.text))
<BR>[Address Reference Count : 1]<UL><LI> startup_lpc17xx_1.o(RESET)
</UL>
<P><STRONG><a name="[14]"></a>I2C0_IRQHandler</STRONG> (Thumb, 0 bytes, Stack size 0 bytes, startup_lpc17xx_1.o(.text))
<BR>[Address Reference Count : 1]<UL><LI> startup_lpc17xx_1.o(RESET)
</UL>
<P><STRONG><a name="[15]"></a>I2C1_IRQHandler</STRONG> (Thumb, 0 bytes, Stack size 0 bytes, startup_lpc17xx_1.o(.text))
<BR>[Address Reference Count : 1]<UL><LI> startup_lpc17xx_1.o(RESET)
</UL>
<P><STRONG><a name="[16]"></a>I2C2_IRQHandler</STRONG> (Thumb, 0 bytes, Stack size 0 bytes, startup_lpc17xx_1.o(.text))
<BR>[Address Reference Count : 1]<UL><LI> startup_lpc17xx_1.o(RESET)
</UL>
<P><STRONG><a name="[25]"></a>I2S_IRQHandler</STRONG> (Thumb, 0 bytes, Stack size 0 bytes, startup_lpc17xx_1.o(.text))
<BR>[Address Reference Count : 1]<UL><LI> startup_lpc17xx_1.o(RESET)
</UL>
<P><STRONG><a name="[28]"></a>MCPWM_IRQHandler</STRONG> (Thumb, 0 bytes, Stack size 0 bytes, startup_lpc17xx_1.o(.text))
<BR>[Address Reference Count : 1]<UL><LI> startup_lpc17xx_1.o(RESET)
</UL>
<P><STRONG><a name="[1a]"></a>PLL0_IRQHandler</STRONG> (Thumb, 0 bytes, Stack size 0 bytes, startup_lpc17xx_1.o(.text))
<BR>[Address Reference Count : 1]<UL><LI> startup_lpc17xx_1.o(RESET)
</UL>
<P><STRONG><a name="[2a]"></a>PLL1_IRQHandler</STRONG> (Thumb, 0 bytes, Stack size 0 bytes, startup_lpc17xx_1.o(.text))
<BR>[Address Reference Count : 1]<UL><LI> startup_lpc17xx_1.o(RESET)
</UL>
<P><STRONG><a name="[13]"></a>PWM1_IRQHandler</STRONG> (Thumb, 0 bytes, Stack size 0 bytes, startup_lpc17xx_1.o(.text))
<BR>[Address Reference Count : 1]<UL><LI> startup_lpc17xx_1.o(RESET)
</UL>
<P><STRONG><a name="[29]"></a>QEI_IRQHandler</STRONG> (Thumb, 0 bytes, Stack size 0 bytes, startup_lpc17xx_1.o(.text))
<BR>[Address Reference Count : 1]<UL><LI> startup_lpc17xx_1.o(RESET)
</UL>
<P><STRONG><a name="[27]"></a>RIT_IRQHandler</STRONG> (Thumb, 0 bytes, Stack size 0 bytes, startup_lpc17xx_1.o(.text))
<BR>[Address Reference Count : 1]<UL><LI> startup_lpc17xx_1.o(RESET)
</UL>
<P><STRONG><a name="[17]"></a>SPI_IRQHandler</STRONG> (Thumb, 0 bytes, Stack size 0 bytes, startup_lpc17xx_1.o(.text))
<BR>[Address Reference Count : 1]<UL><LI> startup_lpc17xx_1.o(RESET)
</UL>
<P><STRONG><a name="[18]"></a>SSP0_IRQHandler</STRONG> (Thumb, 0 bytes, Stack size 0 bytes, startup_lpc17xx_1.o(.text))
<BR>[Address Reference Count : 1]<UL><LI> startup_lpc17xx_1.o(RESET)
</UL>
<P><STRONG><a name="[b]"></a>TIMER0_IRQHandler</STRONG> (Thumb, 0 bytes, Stack size 0 bytes, startup_lpc17xx_1.o(.text))
<BR>[Address Reference Count : 1]<UL><LI> startup_lpc17xx_1.o(RESET)
</UL>
<P><STRONG><a name="[c]"></a>TIMER1_IRQHandler</STRONG> (Thumb, 0 bytes, Stack size 0 bytes, startup_lpc17xx_1.o(.text))
<BR>[Address Reference Count : 1]<UL><LI> startup_lpc17xx_1.o(RESET)
</UL>
<P><STRONG><a name="[d]"></a>TIMER2_IRQHandler</STRONG> (Thumb, 0 bytes, Stack size 0 bytes, startup_lpc17xx_1.o(.text))
<BR>[Address Reference Count : 1]<UL><LI> startup_lpc17xx_1.o(RESET)
</UL>
<P><STRONG><a name="[e]"></a>TIMER3_IRQHandler</STRONG> (Thumb, 0 bytes, Stack size 0 bytes, startup_lpc17xx_1.o(.text))
<BR>[Address Reference Count : 1]<UL><LI> startup_lpc17xx_1.o(RESET)
</UL>
<P><STRONG><a name="[f]"></a>UART0_IRQHandler</STRONG> (Thumb, 0 bytes, Stack size 0 bytes, startup_lpc17xx_1.o(.text))
<BR>[Address Reference Count : 1]<UL><LI> startup_lpc17xx_1.o(RESET)
</UL>
<P><STRONG><a name="[10]"></a>UART1_IRQHandler</STRONG> (Thumb, 0 bytes, Stack size 0 bytes, startup_lpc17xx_1.o(.text))
<BR>[Address Reference Count : 1]<UL><LI> startup_lpc17xx_1.o(RESET)
</UL>
<P><STRONG><a name="[11]"></a>UART2_IRQHandler</STRONG> (Thumb, 0 bytes, Stack size 0 bytes, startup_lpc17xx_1.o(.text))
<BR>[Address Reference Count : 1]<UL><LI> startup_lpc17xx_1.o(RESET)
</UL>
<P><STRONG><a name="[12]"></a>UART3_IRQHandler</STRONG> (Thumb, 0 bytes, Stack size 0 bytes, startup_lpc17xx_1.o(.text))
<BR>[Address Reference Count : 1]<UL><LI> startup_lpc17xx_1.o(RESET)
</UL>
<P><STRONG><a name="[2b]"></a>USBActivity_IRQHandler</STRONG> (Thumb, 0 bytes, Stack size 0 bytes, startup_lpc17xx_1.o(.text))
<BR>[Address Reference Count : 1]<UL><LI> startup_lpc17xx_1.o(RESET)
</UL>
<P><STRONG><a name="[22]"></a>USB_IRQHandler</STRONG> (Thumb, 0 bytes, Stack size 0 bytes, startup_lpc17xx_1.o(.text))
<BR>[Address Reference Count : 1]<UL><LI> startup_lpc17xx_1.o(RESET)
</UL>
<P><STRONG><a name="[a]"></a>WDT_IRQHandler</STRONG> (Thumb, 0 bytes, Stack size 0 bytes, startup_lpc17xx_1.o(.text))
<BR>[Address Reference Count : 1]<UL><LI> startup_lpc17xx_1.o(RESET)
</UL>
<P><STRONG><a name="[8f]"></a>InitLED</STRONG> (Thumb, 46 bytes, Stack size 8 bytes, http_server.o(.text))
<BR><BR>[Stack]<UL><LI>Max Depth = 16<LI>Call Chain = InitLED &rArr; GPIO_SetDir
</UL>
<BR>[Calls]<UL><LI><a href="#[8a]">&gt;&gt;</a>&nbsp;&nbsp;&nbsp;GPIO_SetDir
</UL>
<BR>[Called By]<UL><LI><a href="#[52]">&gt;&gt;</a>&nbsp;&nbsp;&nbsp;main
</UL>

<P><STRONG><a name="[90]"></a>AD_in</STRONG> (Thumb, 30 bytes, Stack size 8 bytes, http_server.o(.text))
<BR><BR>[Stack]<UL><LI>Max Depth = 8<LI>Call Chain = AD_in
</UL>
<BR>[Calls]<UL><LI><a href="#[91]">&gt;&gt;</a>&nbsp;&nbsp;&nbsp;ADC_StartConversion
<LI><a href="#[93]">&gt;&gt;</a>&nbsp;&nbsp;&nbsp;ADC_GetValue
<LI><a href="#[92]">&gt;&gt;</a>&nbsp;&nbsp;&nbsp;ADC_ConversionDone
</UL>
<BR>[Called By]<UL><LI><a href="#[b0]">&gt;&gt;</a>&nbsp;&nbsp;&nbsp;cgi_script
</UL>

<P><STRONG><a name="[94]"></a>get_button</STRONG> (Thumb, 10 bytes, Stack size 8 bytes, http_server.o(.text))
<BR><BR>[Stack]<UL><LI>Max Depth = 16<LI>Call Chain = get_button &rArr; Buttons_GetState
</UL>
<BR>[Calls]<UL><LI><a href="#[8c]">&gt;&gt;</a>&nbsp;&nbsp;&nbsp;Buttons_GetState
</UL>
<BR>[Called By]<UL><LI><a href="#[b0]">&gt;&gt;</a>&nbsp;&nbsp;&nbsp;cgi_script
</UL>

<P><STRONG><a name="[95]"></a>dhcp_client_notify</STRONG> (Thumb, 42 bytes, Stack size 8 bytes, http_server.o(.text), UNUSED)
<BR><BR>[Calls]<UL><LI><a href="#[97]">&gt;&gt;</a>&nbsp;&nbsp;&nbsp;ip4_ntoa
<LI><a href="#[96]">&gt;&gt;</a>&nbsp;&nbsp;&nbsp;__2sprintf
</UL>

<P><STRONG><a name="[52]"></a>main</STRONG> (Thumb, 64 bytes, Stack size 0 bytes, http_server.o(.text))
<BR><BR>[Stack]<UL><LI>Max Depth = 352<LI>Call Chain = main &rArr; net_main &rArr; net_sys_run &rArr; http_server_run &rArr; http_kill_session &rArr; cgi_process_data &rArr; get_time &rArr; sntp_get_time &rArr; sntp_send_message &rArr; udp_send &rArr; ip_send_frame &rArr; eth_send_frame &rArr; arp_cache_find &rArr; arp_send_request &rArr; eth_output
</UL>
<BR>[Calls]<UL><LI><a href="#[a6]">&gt;&gt;</a>&nbsp;&nbsp;&nbsp;osThreadYield
<LI><a href="#[80]">&gt;&gt;</a>&nbsp;&nbsp;&nbsp;osThreadCreate
<LI><a href="#[a5]">&gt;&gt;</a>&nbsp;&nbsp;&nbsp;net_main
<LI><a href="#[a0]">&gt;&gt;</a>&nbsp;&nbsp;&nbsp;net_initialize
<LI><a href="#[a3]">&gt;&gt;</a>&nbsp;&nbsp;&nbsp;get_time
<LI><a href="#[a2]">&gt;&gt;</a>&nbsp;&nbsp;&nbsp;LCD_reset
<LI><a href="#[a1]">&gt;&gt;</a>&nbsp;&nbsp;&nbsp;LCD_init
<LI><a href="#[a4]">&gt;&gt;</a>&nbsp;&nbsp;&nbsp;Init_rebotes_joystick
<LI><a href="#[9f]">&gt;&gt;</a>&nbsp;&nbsp;&nbsp;Init_Pot1
<LI><a href="#[8f]">&gt;&gt;</a>&nbsp;&nbsp;&nbsp;InitLED
</UL>
<BR>[Address Reference Count : 1]<UL><LI> rtx_conf_cm.o(.constdata)
</UL>
<P><STRONG><a name="[a7]"></a>cgi_process_query</STRONG> (Thumb, 136 bytes, Stack size 56 bytes, http_server_cgi.o(.text))
<BR><BR>[Stack]<UL><LI>Max Depth = 296<LI>Call Chain = cgi_process_query &rArr; ip4_aton &rArr; __0sscanf &rArr; __vfscanf_char &rArr; __vfscanf &rArr; _scanf_int
</UL>
<BR>[Calls]<UL><LI><a href="#[aa]">&gt;&gt;</a>&nbsp;&nbsp;&nbsp;ip4_aton
<LI><a href="#[a8]">&gt;&gt;</a>&nbsp;&nbsp;&nbsp;http_get_env_var
<LI><a href="#[a9]">&gt;&gt;</a>&nbsp;&nbsp;&nbsp;strncmp
</UL>
<BR>[Called By]<UL><LI><a href="#[38]">&gt;&gt;</a>&nbsp;&nbsp;&nbsp;http_listener
</UL>

<P><STRONG><a name="[ab]"></a>cgi_process_data</STRONG> (Thumb, 452 bytes, Stack size 88 bytes, http_server_cgi.o(.text))
<BR><BR>[Stack]<UL><LI>Max Depth = 280<LI>Call Chain = cgi_process_data &rArr; get_time &rArr; sntp_get_time &rArr; sntp_send_message &rArr; udp_send &rArr; ip_send_frame &rArr; eth_send_frame &rArr; arp_cache_find &rArr; arp_send_request &rArr; eth_output
</UL>
<BR>[Calls]<UL><LI><a href="#[a8]">&gt;&gt;</a>&nbsp;&nbsp;&nbsp;http_get_env_var
<LI><a href="#[ad]">&gt;&gt;</a>&nbsp;&nbsp;&nbsp;LED_SetOut
<LI><a href="#[ae]">&gt;&gt;</a>&nbsp;&nbsp;&nbsp;GPIO_PinWrite
<LI><a href="#[a3]">&gt;&gt;</a>&nbsp;&nbsp;&nbsp;get_time
<LI><a href="#[9d]">&gt;&gt;</a>&nbsp;&nbsp;&nbsp;GPIO_PortWrite
<LI><a href="#[a9]">&gt;&gt;</a>&nbsp;&nbsp;&nbsp;strncmp
<LI><a href="#[af]">&gt;&gt;</a>&nbsp;&nbsp;&nbsp;strcpy
<LI><a href="#[ac]">&gt;&gt;</a>&nbsp;&nbsp;&nbsp;strcmp
</UL>
<BR>[Called By]<UL><LI><a href="#[157]">&gt;&gt;</a>&nbsp;&nbsp;&nbsp;http_proc_post
<LI><a href="#[159]">&gt;&gt;</a>&nbsp;&nbsp;&nbsp;http_proc_multipart
<LI><a href="#[151]">&gt;&gt;</a>&nbsp;&nbsp;&nbsp;http_kill_session
</UL>

<P><STRONG><a name="[b0]"></a>cgi_script</STRONG> (Thumb, 1012 bytes, Stack size 56 bytes, http_server_cgi.o(.text))
<BR><BR>[Stack]<UL><LI>Max Depth = 88<LI>Call Chain = cgi_script &rArr; ip4_ntoa &rArr; __2sprintf
</UL>
<BR>[Calls]<UL><LI><a href="#[b1]">&gt;&gt;</a>&nbsp;&nbsp;&nbsp;tcp_ntoa
<LI><a href="#[b2]">&gt;&gt;</a>&nbsp;&nbsp;&nbsp;http_server_get_lang
<LI><a href="#[b7]">&gt;&gt;</a>&nbsp;&nbsp;&nbsp;get_RTC_param
<LI><a href="#[b3]">&gt;&gt;</a>&nbsp;&nbsp;&nbsp;__aeabi_ui2f
<LI><a href="#[b4]">&gt;&gt;</a>&nbsp;&nbsp;&nbsp;__aeabi_fmul
<LI><a href="#[b6]">&gt;&gt;</a>&nbsp;&nbsp;&nbsp;__aeabi_f2d
<LI><a href="#[b5]">&gt;&gt;</a>&nbsp;&nbsp;&nbsp;__ARM_scalbnf
<LI><a href="#[97]">&gt;&gt;</a>&nbsp;&nbsp;&nbsp;ip4_ntoa
<LI><a href="#[94]">&gt;&gt;</a>&nbsp;&nbsp;&nbsp;get_button
<LI><a href="#[90]">&gt;&gt;</a>&nbsp;&nbsp;&nbsp;AD_in
<LI><a href="#[a9]">&gt;&gt;</a>&nbsp;&nbsp;&nbsp;strncmp
<LI><a href="#[96]">&gt;&gt;</a>&nbsp;&nbsp;&nbsp;__2sprintf
</UL>
<BR>[Called By]<UL><LI><a href="#[103]">&gt;&gt;</a>&nbsp;&nbsp;&nbsp;http_server_run
</UL>

<P><STRONG><a name="[9f]"></a>Init_Pot1</STRONG> (Thumb, 54 bytes, Stack size 8 bytes, potenciometro.o(.text))
<BR><BR>[Stack]<UL><LI>Max Depth = 28<LI>Call Chain = Init_Pot1 &rArr; PIN_Configure
</UL>
<BR>[Calls]<UL><LI><a href="#[89]">&gt;&gt;</a>&nbsp;&nbsp;&nbsp;PIN_Configure
</UL>
<BR>[Called By]<UL><LI><a href="#[52]">&gt;&gt;</a>&nbsp;&nbsp;&nbsp;main
</UL>

<P><STRONG><a name="[91]"></a>ADC_StartConversion</STRONG> (Thumb, 22 bytes, Stack size 0 bytes, potenciometro.o(.text))
<BR><BR>[Called By]<UL><LI><a href="#[90]">&gt;&gt;</a>&nbsp;&nbsp;&nbsp;AD_in
</UL>

<P><STRONG><a name="[92]"></a>ADC_ConversionDone</STRONG> (Thumb, 16 bytes, Stack size 0 bytes, potenciometro.o(.text))
<BR><BR>[Called By]<UL><LI><a href="#[90]">&gt;&gt;</a>&nbsp;&nbsp;&nbsp;AD_in
</UL>

<P><STRONG><a name="[93]"></a>ADC_GetValue</STRONG> (Thumb, 20 bytes, Stack size 0 bytes, potenciometro.o(.text))
<BR><BR>[Called By]<UL><LI><a href="#[90]">&gt;&gt;</a>&nbsp;&nbsp;&nbsp;AD_in
</UL>

<P><STRONG><a name="[1e7]"></a>ADC_GetResolution</STRONG> (Thumb, 4 bytes, Stack size 0 bytes, potenciometro.o(.text), UNUSED)

<P><STRONG><a name="[20]"></a>ADC_IRQHandler</STRONG> (Thumb, 24 bytes, Stack size 8 bytes, potenciometro.o(.text))
<BR><BR>[Stack]<UL><LI>Max Depth = 8<LI>Call Chain = ADC_IRQHandler
</UL>
<BR>[Address Reference Count : 1]<UL><LI> startup_lpc17xx_1.o(RESET)
</UL>
<P><STRONG><a name="[b8]"></a>retardo_us</STRONG> (Thumb, 88 bytes, Stack size 8 bytes, lcd.o(.text))
<BR><BR>[Stack]<UL><LI>Max Depth = 96<LI>Call Chain = retardo_us &rArr; __aeabi_dmul &rArr; _double_epilogue &rArr; _double_round
</UL>
<BR>[Calls]<UL><LI><a href="#[b9]">&gt;&gt;</a>&nbsp;&nbsp;&nbsp;__aeabi_ui2d
<LI><a href="#[ba]">&gt;&gt;</a>&nbsp;&nbsp;&nbsp;__aeabi_dmul
<LI><a href="#[bb]">&gt;&gt;</a>&nbsp;&nbsp;&nbsp;__aeabi_d2uiz
</UL>
<BR>[Called By]<UL><LI><a href="#[a1]">&gt;&gt;</a>&nbsp;&nbsp;&nbsp;LCD_init
</UL>

<P><STRONG><a name="[a1]"></a>LCD_init</STRONG> (Thumb, 128 bytes, Stack size 8 bytes, lcd.o(.text))
<BR><BR>[Stack]<UL><LI>Max Depth = 104<LI>Call Chain = LCD_init &rArr; retardo_us &rArr; __aeabi_dmul &rArr; _double_epilogue &rArr; _double_round
</UL>
<BR>[Calls]<UL><LI><a href="#[b8]">&gt;&gt;</a>&nbsp;&nbsp;&nbsp;retardo_us
<LI><a href="#[ae]">&gt;&gt;</a>&nbsp;&nbsp;&nbsp;GPIO_PinWrite
<LI><a href="#[8a]">&gt;&gt;</a>&nbsp;&nbsp;&nbsp;GPIO_SetDir
</UL>
<BR>[Called By]<UL><LI><a href="#[52]">&gt;&gt;</a>&nbsp;&nbsp;&nbsp;main
</UL>

<P><STRONG><a name="[bc]"></a>LCD_wr_cmd</STRONG> (Thumb, 46 bytes, Stack size 8 bytes, lcd.o(.text))
<BR><BR>[Stack]<UL><LI>Max Depth = 8<LI>Call Chain = LCD_wr_cmd
</UL>
<BR>[Calls]<UL><LI><a href="#[ae]">&gt;&gt;</a>&nbsp;&nbsp;&nbsp;GPIO_PinWrite
</UL>
<BR>[Called By]<UL><LI><a href="#[be]">&gt;&gt;</a>&nbsp;&nbsp;&nbsp;LCD_update
<LI><a href="#[a2]">&gt;&gt;</a>&nbsp;&nbsp;&nbsp;LCD_reset
</UL>

<P><STRONG><a name="[bd]"></a>LCD_wr_dat</STRONG> (Thumb, 46 bytes, Stack size 8 bytes, lcd.o(.text))
<BR><BR>[Stack]<UL><LI>Max Depth = 8<LI>Call Chain = LCD_wr_dat
</UL>
<BR>[Calls]<UL><LI><a href="#[ae]">&gt;&gt;</a>&nbsp;&nbsp;&nbsp;GPIO_PinWrite
</UL>
<BR>[Called By]<UL><LI><a href="#[be]">&gt;&gt;</a>&nbsp;&nbsp;&nbsp;LCD_update
</UL>

<P><STRONG><a name="[a2]"></a>LCD_reset</STRONG> (Thumb, 76 bytes, Stack size 8 bytes, lcd.o(.text))
<BR><BR>[Stack]<UL><LI>Max Depth = 16<LI>Call Chain = LCD_reset &rArr; LCD_wr_cmd
</UL>
<BR>[Calls]<UL><LI><a href="#[bc]">&gt;&gt;</a>&nbsp;&nbsp;&nbsp;LCD_wr_cmd
</UL>
<BR>[Called By]<UL><LI><a href="#[52]">&gt;&gt;</a>&nbsp;&nbsp;&nbsp;main
</UL>

<P><STRONG><a name="[be]"></a>LCD_update</STRONG> (Thumb, 142 bytes, Stack size 16 bytes, lcd.o(.text))
<BR><BR>[Stack]<UL><LI>Max Depth = 24<LI>Call Chain = LCD_update &rArr; LCD_wr_dat
</UL>
<BR>[Calls]<UL><LI><a href="#[bd]">&gt;&gt;</a>&nbsp;&nbsp;&nbsp;LCD_wr_dat
<LI><a href="#[bc]">&gt;&gt;</a>&nbsp;&nbsp;&nbsp;LCD_wr_cmd
</UL>
<BR>[Called By]<UL><LI><a href="#[31]">&gt;&gt;</a>&nbsp;&nbsp;&nbsp;time_cback
<LI><a href="#[9e]">&gt;&gt;</a>&nbsp;&nbsp;&nbsp;rtc_control
</UL>

<P><STRONG><a name="[bf]"></a>Escribe_Letra_L1</STRONG> (Thumb, 68 bytes, Stack size 20 bytes, lcd.o(.text))
<BR><BR>[Stack]<UL><LI>Max Depth = 20<LI>Call Chain = Escribe_Letra_L1
</UL>
<BR>[Called By]<UL><LI><a href="#[99]">&gt;&gt;</a>&nbsp;&nbsp;&nbsp;EscribeLinea_1
</UL>

<P><STRONG><a name="[99]"></a>EscribeLinea_1</STRONG> (Thumb, 36 bytes, Stack size 16 bytes, lcd.o(.text))
<BR><BR>[Stack]<UL><LI>Max Depth = 36<LI>Call Chain = EscribeLinea_1 &rArr; Escribe_Letra_L1
</UL>
<BR>[Calls]<UL><LI><a href="#[bf]">&gt;&gt;</a>&nbsp;&nbsp;&nbsp;Escribe_Letra_L1
<LI><a href="#[c0]">&gt;&gt;</a>&nbsp;&nbsp;&nbsp;strlen
</UL>
<BR>[Called By]<UL><LI><a href="#[31]">&gt;&gt;</a>&nbsp;&nbsp;&nbsp;time_cback
<LI><a href="#[9e]">&gt;&gt;</a>&nbsp;&nbsp;&nbsp;rtc_control
<LI><a href="#[98]">&gt;&gt;</a>&nbsp;&nbsp;&nbsp;Display
</UL>

<P><STRONG><a name="[c1]"></a>Escribe_Letra_L2</STRONG> (Thumb, 64 bytes, Stack size 20 bytes, lcd.o(.text))
<BR><BR>[Stack]<UL><LI>Max Depth = 20<LI>Call Chain = Escribe_Letra_L2
</UL>
<BR>[Called By]<UL><LI><a href="#[9a]">&gt;&gt;</a>&nbsp;&nbsp;&nbsp;EscribeLinea_2
</UL>

<P><STRONG><a name="[9a]"></a>EscribeLinea_2</STRONG> (Thumb, 36 bytes, Stack size 16 bytes, lcd.o(.text))
<BR><BR>[Stack]<UL><LI>Max Depth = 36<LI>Call Chain = EscribeLinea_2 &rArr; Escribe_Letra_L2
</UL>
<BR>[Calls]<UL><LI><a href="#[c1]">&gt;&gt;</a>&nbsp;&nbsp;&nbsp;Escribe_Letra_L2
<LI><a href="#[c0]">&gt;&gt;</a>&nbsp;&nbsp;&nbsp;strlen
</UL>
<BR>[Called By]<UL><LI><a href="#[31]">&gt;&gt;</a>&nbsp;&nbsp;&nbsp;time_cback
<LI><a href="#[9e]">&gt;&gt;</a>&nbsp;&nbsp;&nbsp;rtc_control
<LI><a href="#[98]">&gt;&gt;</a>&nbsp;&nbsp;&nbsp;Display
</UL>

<P><STRONG><a name="[c2]"></a>init_RTC</STRONG> (Thumb, 118 bytes, Stack size 16 bytes, rtc.o(.text))
<BR><BR>[Stack]<UL><LI>Max Depth = 36<LI>Call Chain = init_RTC &rArr; PIN_Configure
</UL>
<BR>[Calls]<UL><LI><a href="#[c3]">&gt;&gt;</a>&nbsp;&nbsp;&nbsp;__NVIC_EnableIRQ
<LI><a href="#[89]">&gt;&gt;</a>&nbsp;&nbsp;&nbsp;PIN_Configure
</UL>
<BR>[Called By]<UL><LI><a href="#[9e]">&gt;&gt;</a>&nbsp;&nbsp;&nbsp;rtc_control
</UL>

<P><STRONG><a name="[c7]"></a>set_date</STRONG> (Thumb, 12 bytes, Stack size 0 bytes, rtc.o(.text))
<BR><BR>[Called By]<UL><LI><a href="#[31]">&gt;&gt;</a>&nbsp;&nbsp;&nbsp;time_cback
<LI><a href="#[9e]">&gt;&gt;</a>&nbsp;&nbsp;&nbsp;rtc_control
</UL>

<P><STRONG><a name="[c6]"></a>set_hour</STRONG> (Thumb, 16 bytes, Stack size 0 bytes, rtc.o(.text))
<BR><BR>[Called By]<UL><LI><a href="#[31]">&gt;&gt;</a>&nbsp;&nbsp;&nbsp;time_cback
<LI><a href="#[9e]">&gt;&gt;</a>&nbsp;&nbsp;&nbsp;rtc_control
</UL>

<P><STRONG><a name="[c4]"></a>convert_unix_to_local</STRONG> (Thumb, 48 bytes, Stack size 8 bytes, rtc.o(.text))
<BR><BR>[Stack]<UL><LI>Max Depth = 16<LI>Call Chain = convert_unix_to_local &rArr; localtime
</UL>
<BR>[Calls]<UL><LI><a href="#[c5]">&gt;&gt;</a>&nbsp;&nbsp;&nbsp;localtime
</UL>
<BR>[Called By]<UL><LI><a href="#[31]">&gt;&gt;</a>&nbsp;&nbsp;&nbsp;time_cback
</UL>

<P><STRONG><a name="[a3]"></a>get_time</STRONG> (Thumb, 32 bytes, Stack size 8 bytes, rtc.o(.text))
<BR><BR>[Stack]<UL><LI>Max Depth = 192<LI>Call Chain = get_time &rArr; sntp_get_time &rArr; sntp_send_message &rArr; udp_send &rArr; ip_send_frame &rArr; eth_send_frame &rArr; arp_cache_find &rArr; arp_send_request &rArr; eth_output
</UL>
<BR>[Calls]<UL><LI><a href="#[c8]">&gt;&gt;</a>&nbsp;&nbsp;&nbsp;sntp_get_time
<LI><a href="#[96]">&gt;&gt;</a>&nbsp;&nbsp;&nbsp;__2sprintf
</UL>
<BR>[Called By]<UL><LI><a href="#[c9]">&gt;&gt;</a>&nbsp;&nbsp;&nbsp;enable_RTC
<LI><a href="#[ab]">&gt;&gt;</a>&nbsp;&nbsp;&nbsp;cgi_process_data
<LI><a href="#[9e]">&gt;&gt;</a>&nbsp;&nbsp;&nbsp;rtc_control
<LI><a href="#[52]">&gt;&gt;</a>&nbsp;&nbsp;&nbsp;main
</UL>

<P><STRONG><a name="[c9]"></a>enable_RTC</STRONG> (Thumb, 36 bytes, Stack size 0 bytes, rtc.o(.text))
<BR><BR>[Stack]<UL><LI>Max Depth = 192<LI>Call Chain = enable_RTC &rArr; get_time &rArr; sntp_get_time &rArr; sntp_send_message &rArr; udp_send &rArr; ip_send_frame &rArr; eth_send_frame &rArr; arp_cache_find &rArr; arp_send_request &rArr; eth_output
</UL>
<BR>[Calls]<UL><LI><a href="#[a3]">&gt;&gt;</a>&nbsp;&nbsp;&nbsp;get_time
</UL>
<BR>[Called By]<UL><LI><a href="#[9e]">&gt;&gt;</a>&nbsp;&nbsp;&nbsp;rtc_control
</UL>

<P><STRONG><a name="[ca]"></a>get_hora</STRONG> (Thumb, 40 bytes, Stack size 8 bytes, rtc.o(.text))
<BR><BR>[Stack]<UL><LI>Max Depth = 32<LI>Call Chain = get_hora &rArr; __2sprintf
</UL>
<BR>[Calls]<UL><LI><a href="#[96]">&gt;&gt;</a>&nbsp;&nbsp;&nbsp;__2sprintf
</UL>
<BR>[Called By]<UL><LI><a href="#[9e]">&gt;&gt;</a>&nbsp;&nbsp;&nbsp;rtc_control
</UL>

<P><STRONG><a name="[cb]"></a>get_fecha</STRONG> (Thumb, 38 bytes, Stack size 8 bytes, rtc.o(.text))
<BR><BR>[Stack]<UL><LI>Max Depth = 32<LI>Call Chain = get_fecha &rArr; __2sprintf
</UL>
<BR>[Calls]<UL><LI><a href="#[96]">&gt;&gt;</a>&nbsp;&nbsp;&nbsp;__2sprintf
</UL>
<BR>[Called By]<UL><LI><a href="#[9e]">&gt;&gt;</a>&nbsp;&nbsp;&nbsp;rtc_control
</UL>

<P><STRONG><a name="[b7]"></a>get_RTC_param</STRONG> (Thumb, 60 bytes, Stack size 0 bytes, rtc.o(.text))
<BR><BR>[Called By]<UL><LI><a href="#[b0]">&gt;&gt;</a>&nbsp;&nbsp;&nbsp;cgi_script
</UL>

<P><STRONG><a name="[cc]"></a>set_hour_intrrupt</STRONG> (Thumb, 70 bytes, Stack size 0 bytes, rtc.o(.text))
<BR><BR>[Calls]<UL><LI><a href="#[c3]">&gt;&gt;</a>&nbsp;&nbsp;&nbsp;__NVIC_EnableIRQ
</UL>
<BR>[Called By]<UL><LI><a href="#[9e]">&gt;&gt;</a>&nbsp;&nbsp;&nbsp;rtc_control
</UL>

<P><STRONG><a name="[9e]"></a>rtc_control</STRONG> (Thumb, 138 bytes, Stack size 0 bytes, rtc.o(.text))
<BR><BR>[Stack]<UL><LI>Max Depth = 192<LI>Call Chain = rtc_control &rArr; enable_RTC &rArr; get_time &rArr; sntp_get_time &rArr; sntp_send_message &rArr; udp_send &rArr; ip_send_frame &rArr; eth_send_frame &rArr; arp_cache_find &rArr; arp_send_request &rArr; eth_output
</UL>
<BR>[Calls]<UL><LI><a href="#[cd]">&gt;&gt;</a>&nbsp;&nbsp;&nbsp;osSignalWait
<LI><a href="#[cc]">&gt;&gt;</a>&nbsp;&nbsp;&nbsp;set_hour_intrrupt
<LI><a href="#[cb]">&gt;&gt;</a>&nbsp;&nbsp;&nbsp;get_fecha
<LI><a href="#[ca]">&gt;&gt;</a>&nbsp;&nbsp;&nbsp;get_hora
<LI><a href="#[c9]">&gt;&gt;</a>&nbsp;&nbsp;&nbsp;enable_RTC
<LI><a href="#[c6]">&gt;&gt;</a>&nbsp;&nbsp;&nbsp;set_hour
<LI><a href="#[c7]">&gt;&gt;</a>&nbsp;&nbsp;&nbsp;set_date
<LI><a href="#[c2]">&gt;&gt;</a>&nbsp;&nbsp;&nbsp;init_RTC
<LI><a href="#[be]">&gt;&gt;</a>&nbsp;&nbsp;&nbsp;LCD_update
<LI><a href="#[a3]">&gt;&gt;</a>&nbsp;&nbsp;&nbsp;get_time
<LI><a href="#[9a]">&gt;&gt;</a>&nbsp;&nbsp;&nbsp;EscribeLinea_2
<LI><a href="#[99]">&gt;&gt;</a>&nbsp;&nbsp;&nbsp;EscribeLinea_1
</UL>
<BR>[Called By]<UL><LI><a href="#[4f]">&gt;&gt;</a>&nbsp;&nbsp;&nbsp;RTC
</UL>

<P><STRONG><a name="[1b]"></a>RTC_IRQHandler</STRONG> (Thumb, 24 bytes, Stack size 0 bytes, rtc.o(.text))
<BR>[Address Reference Count : 1]<UL><LI> startup_lpc17xx_1.o(RESET)
</UL>
<P><STRONG><a name="[1f]"></a>EINT3_IRQHandler</STRONG> (Thumb, 76 bytes, Stack size 8 bytes, rtc.o(.text))
<BR><BR>[Stack]<UL><LI>Max Depth = 48<LI>Call Chain = EINT3_IRQHandler &rArr; osSignalSet &rArr; isrSignalSet &rArr; isr_evt_set &rArr; rt_psq_enq
</UL>
<BR>[Calls]<UL><LI><a href="#[ce]">&gt;&gt;</a>&nbsp;&nbsp;&nbsp;osSignalSet
</UL>
<BR>[Address Reference Count : 1]<UL><LI> startup_lpc17xx_1.o(RESET)
</UL>
<P><STRONG><a name="[a4]"></a>Init_rebotes_joystick</STRONG> (Thumb, 26 bytes, Stack size 8 bytes, rebotes_joystick.o(.text))
<BR><BR>[Stack]<UL><LI>Max Depth = 80<LI>Call Chain = Init_rebotes_joystick &rArr; osThreadCreate &rArr; svcThreadCreate &rArr; rt_tsk_create &rArr; rt_init_context &rArr; rt_init_stack
</UL>
<BR>[Calls]<UL><LI><a href="#[80]">&gt;&gt;</a>&nbsp;&nbsp;&nbsp;osThreadCreate
</UL>
<BR>[Called By]<UL><LI><a href="#[52]">&gt;&gt;</a>&nbsp;&nbsp;&nbsp;main
</UL>

<P><STRONG><a name="[51]"></a>rebotes_joystick</STRONG> (Thumb, 52 bytes, Stack size 0 bytes, rebotes_joystick.o(.text))
<BR><BR>[Stack]<UL><LI>Max Depth = 8<LI>Call Chain = rebotes_joystick &rArr; osTimerCreate &rArr; svcTimerCreate
</UL>
<BR>[Calls]<UL><LI><a href="#[d0]">&gt;&gt;</a>&nbsp;&nbsp;&nbsp;osTimerStart
<LI><a href="#[cf]">&gt;&gt;</a>&nbsp;&nbsp;&nbsp;osTimerCreate
<LI><a href="#[cd]">&gt;&gt;</a>&nbsp;&nbsp;&nbsp;osSignalWait
<LI><a href="#[a6]">&gt;&gt;</a>&nbsp;&nbsp;&nbsp;osThreadYield
</UL>
<BR>[Address Reference Count : 1]<UL><LI> rebotes_joystick.o(.constdata)
</UL>
<P><STRONG><a name="[50]"></a>callback_Timer_pwd</STRONG> (Thumb, 142 bytes, Stack size 16 bytes, rebotes_joystick.o(.text))
<BR><BR>[Stack]<UL><LI>Max Depth = 56<LI>Call Chain = callback_Timer_pwd &rArr; osSignalSet &rArr; isrSignalSet &rArr; isr_evt_set &rArr; rt_psq_enq
</UL>
<BR>[Calls]<UL><LI><a href="#[8d]">&gt;&gt;</a>&nbsp;&nbsp;&nbsp;GPIO_PinRead
<LI><a href="#[ce]">&gt;&gt;</a>&nbsp;&nbsp;&nbsp;osSignalSet
</UL>
<BR>[Address Reference Count : 1]<UL><LI> rebotes_joystick.o(.constdata)
</UL>
<P><STRONG><a name="[d1]"></a>LED_Initialize</STRONG> (Thumb, 70 bytes, Stack size 24 bytes, led_mcb1700.o(.text), UNUSED)
<BR><BR>[Calls]<UL><LI><a href="#[88]">&gt;&gt;</a>&nbsp;&nbsp;&nbsp;GPIO_PortClock
<LI><a href="#[89]">&gt;&gt;</a>&nbsp;&nbsp;&nbsp;PIN_Configure
<LI><a href="#[ae]">&gt;&gt;</a>&nbsp;&nbsp;&nbsp;GPIO_PinWrite
<LI><a href="#[8a]">&gt;&gt;</a>&nbsp;&nbsp;&nbsp;GPIO_SetDir
</UL>

<P><STRONG><a name="[d2]"></a>LED_Uninitialize</STRONG> (Thumb, 40 bytes, Stack size 24 bytes, led_mcb1700.o(.text), UNUSED)
<BR><BR>[Calls]<UL><LI><a href="#[89]">&gt;&gt;</a>&nbsp;&nbsp;&nbsp;PIN_Configure
</UL>

<P><STRONG><a name="[d3]"></a>LED_On</STRONG> (Thumb, 36 bytes, Stack size 8 bytes, led_mcb1700.o(.text))
<BR><BR>[Stack]<UL><LI>Max Depth = 8<LI>Call Chain = LED_On
</UL>
<BR>[Calls]<UL><LI><a href="#[ae]">&gt;&gt;</a>&nbsp;&nbsp;&nbsp;GPIO_PinWrite
</UL>
<BR>[Called By]<UL><LI><a href="#[ad]">&gt;&gt;</a>&nbsp;&nbsp;&nbsp;LED_SetOut
</UL>

<P><STRONG><a name="[d4]"></a>LED_Off</STRONG> (Thumb, 36 bytes, Stack size 8 bytes, led_mcb1700.o(.text))
<BR><BR>[Stack]<UL><LI>Max Depth = 8<LI>Call Chain = LED_Off
</UL>
<BR>[Calls]<UL><LI><a href="#[ae]">&gt;&gt;</a>&nbsp;&nbsp;&nbsp;GPIO_PinWrite
</UL>
<BR>[Called By]<UL><LI><a href="#[ad]">&gt;&gt;</a>&nbsp;&nbsp;&nbsp;LED_SetOut
</UL>

<P><STRONG><a name="[ad]"></a>LED_SetOut</STRONG> (Thumb, 40 bytes, Stack size 16 bytes, led_mcb1700.o(.text))
<BR><BR>[Stack]<UL><LI>Max Depth = 24<LI>Call Chain = LED_SetOut &rArr; LED_Off
</UL>
<BR>[Calls]<UL><LI><a href="#[d4]">&gt;&gt;</a>&nbsp;&nbsp;&nbsp;LED_Off
<LI><a href="#[d3]">&gt;&gt;</a>&nbsp;&nbsp;&nbsp;LED_On
</UL>
<BR>[Called By]<UL><LI><a href="#[ab]">&gt;&gt;</a>&nbsp;&nbsp;&nbsp;cgi_process_data
</UL>

<P><STRONG><a name="[1e8]"></a>LED_GetCount</STRONG> (Thumb, 4 bytes, Stack size 0 bytes, led_mcb1700.o(.text), UNUSED)

<P><STRONG><a name="[26]"></a>ENET_IRQHandler</STRONG> (Thumb, 50 bytes, Stack size 0 bytes, emac_lpc17xx.o(.text))
<BR>[Address Reference Count : 1]<UL><LI> startup_lpc17xx_1.o(RESET)
</UL>
<P><STRONG><a name="[ea]"></a>SSPx_GPDMA_Tx_SignalEvent</STRONG> (Thumb, 12 bytes, Stack size 0 bytes, ssp_lpc17xx.o(.text))
<BR><BR>[Called By]<UL><LI><a href="#[6d]">&gt;&gt;</a>&nbsp;&nbsp;&nbsp;SSP1_GPDMA_Tx_SignalEvent
</UL>

<P><STRONG><a name="[eb]"></a>SSPx_GPDMA_Rx_SignalEvent</STRONG> (Thumb, 30 bytes, Stack size 0 bytes, ssp_lpc17xx.o(.text))
<BR><BR>[Called By]<UL><LI><a href="#[6e]">&gt;&gt;</a>&nbsp;&nbsp;&nbsp;SSP1_GPDMA_Rx_SignalEvent
</UL>

<P><STRONG><a name="[6d]"></a>SSP1_GPDMA_Tx_SignalEvent</STRONG> (Thumb, 4 bytes, Stack size 0 bytes, ssp_lpc17xx.o(.text))
<BR><BR>[Calls]<UL><LI><a href="#[ea]">&gt;&gt;</a>&nbsp;&nbsp;&nbsp;SSPx_GPDMA_Tx_SignalEvent
</UL>
<BR>[Address Reference Count : 1]<UL><LI> ssp_lpc17xx.o(.constdata)
</UL>
<P><STRONG><a name="[6e]"></a>SSP1_GPDMA_Rx_SignalEvent</STRONG> (Thumb, 4 bytes, Stack size 0 bytes, ssp_lpc17xx.o(.text))
<BR><BR>[Calls]<UL><LI><a href="#[eb]">&gt;&gt;</a>&nbsp;&nbsp;&nbsp;SSPx_GPDMA_Rx_SignalEvent
</UL>
<BR>[Address Reference Count : 1]<UL><LI> ssp_lpc17xx.o(.constdata)
</UL>
<P><STRONG><a name="[19]"></a>SSP1_IRQHandler</STRONG> (Thumb, 4 bytes, Stack size 0 bytes, ssp_lpc17xx.o(.text))
<BR><BR>[Stack]<UL><LI>Max Depth = 16<LI>Call Chain = SSP1_IRQHandler &rArr; SSPx_IRQHandler
</UL>
<BR>[Calls]<UL><LI><a href="#[ec]">&gt;&gt;</a>&nbsp;&nbsp;&nbsp;SSPx_IRQHandler
</UL>
<BR>[Address Reference Count : 1]<UL><LI> startup_lpc17xx_1.o(RESET)
</UL>
<P><STRONG><a name="[dd]"></a>GPDMA_Initialize</STRONG> (Thumb, 98 bytes, Stack size 8 bytes, gpdma_lpc17xx.o(.text))
<BR><BR>[Stack]<UL><LI>Max Depth = 8<LI>Call Chain = GPDMA_Initialize
</UL>
<BR>[Calls]<UL><LI><a href="#[ee]">&gt;&gt;</a>&nbsp;&nbsp;&nbsp;__NVIC_ClearPendingIRQ
</UL>
<BR>[Called By]<UL><LI><a href="#[db]">&gt;&gt;</a>&nbsp;&nbsp;&nbsp;SSPx_Initialize
</UL>

<P><STRONG><a name="[ed]"></a>GPDMA_Uninitialize</STRONG> (Thumb, 64 bytes, Stack size 8 bytes, gpdma_lpc17xx.o(.text))
<BR><BR>[Stack]<UL><LI>Max Depth = 8<LI>Call Chain = GPDMA_Uninitialize
</UL>
<BR>[Calls]<UL><LI><a href="#[ee]">&gt;&gt;</a>&nbsp;&nbsp;&nbsp;__NVIC_ClearPendingIRQ
</UL>
<BR>[Called By]<UL><LI><a href="#[e8]">&gt;&gt;</a>&nbsp;&nbsp;&nbsp;SSPx_Uninitialize
</UL>

<P><STRONG><a name="[de]"></a>GPDMA_PeripheralSelect</STRONG> (Thumb, 48 bytes, Stack size 0 bytes, gpdma_lpc17xx.o(.text))
<BR><BR>[Called By]<UL><LI><a href="#[db]">&gt;&gt;</a>&nbsp;&nbsp;&nbsp;SSPx_Initialize
</UL>

<P><STRONG><a name="[e3]"></a>GPDMA_ChannelConfigure</STRONG> (Thumb, 186 bytes, Stack size 40 bytes, gpdma_lpc17xx.o(.text))
<BR><BR>[Stack]<UL><LI>Max Depth = 40<LI>Call Chain = GPDMA_ChannelConfigure
</UL>
<BR>[Calls]<UL><LI><a href="#[f0]">&gt;&gt;</a>&nbsp;&nbsp;&nbsp;Clear_Channel_active_flag
<LI><a href="#[ef]">&gt;&gt;</a>&nbsp;&nbsp;&nbsp;Set_Channel_active_flag
</UL>
<BR>[Called By]<UL><LI><a href="#[e5]">&gt;&gt;</a>&nbsp;&nbsp;&nbsp;SSPx_Transfer
<LI><a href="#[e4]">&gt;&gt;</a>&nbsp;&nbsp;&nbsp;SSPx_Receive
<LI><a href="#[e2]">&gt;&gt;</a>&nbsp;&nbsp;&nbsp;SSPx_Send
</UL>

<P><STRONG><a name="[f1]"></a>GPDMA_ChannelEnable</STRONG> (Thumb, 46 bytes, Stack size 16 bytes, gpdma_lpc17xx.o(.text), UNUSED)
<BR><BR>[Calls]<UL><LI><a href="#[ef]">&gt;&gt;</a>&nbsp;&nbsp;&nbsp;Set_Channel_active_flag
</UL>

<P><STRONG><a name="[e0]"></a>GPDMA_ChannelDisable</STRONG> (Thumb, 40 bytes, Stack size 8 bytes, gpdma_lpc17xx.o(.text))
<BR><BR>[Stack]<UL><LI>Max Depth = 8<LI>Call Chain = GPDMA_ChannelDisable
</UL>
<BR>[Calls]<UL><LI><a href="#[f0]">&gt;&gt;</a>&nbsp;&nbsp;&nbsp;Clear_Channel_active_flag
</UL>
<BR>[Called By]<UL><LI><a href="#[e6]">&gt;&gt;</a>&nbsp;&nbsp;&nbsp;SSPx_Control
<LI><a href="#[df]">&gt;&gt;</a>&nbsp;&nbsp;&nbsp;SSPx_PowerControl
</UL>

<P><STRONG><a name="[1e9]"></a>GPDMA_ChannelGetStatus</STRONG> (Thumb, 24 bytes, Stack size 0 bytes, gpdma_lpc17xx.o(.text), UNUSED)

<P><STRONG><a name="[e9]"></a>GPDMA_ChannelGetCount</STRONG> (Thumb, 38 bytes, Stack size 0 bytes, gpdma_lpc17xx.o(.text))
<BR><BR>[Called By]<UL><LI><a href="#[77]">&gt;&gt;</a>&nbsp;&nbsp;&nbsp;SSP1_GetDataCount
</UL>

<P><STRONG><a name="[24]"></a>DMA_IRQHandler</STRONG> (Thumb, 220 bytes, Stack size 32 bytes, gpdma_lpc17xx.o(.text))
<BR><BR>[Stack]<UL><LI>Max Depth = 32<LI>Call Chain = DMA_IRQHandler
</UL>
<BR>[Calls]<UL><LI><a href="#[f0]">&gt;&gt;</a>&nbsp;&nbsp;&nbsp;Clear_Channel_active_flag
</UL>
<BR>[Address Reference Count : 1]<UL><LI> startup_lpc17xx_1.o(RESET)
</UL>
<P><STRONG><a name="[88]"></a>GPIO_PortClock</STRONG> (Thumb, 24 bytes, Stack size 0 bytes, gpio_lpc17xx.o(.text), UNUSED)
<BR><BR>[Called By]<UL><LI><a href="#[d1]">&gt;&gt;</a>&nbsp;&nbsp;&nbsp;LED_Initialize
<LI><a href="#[87]">&gt;&gt;</a>&nbsp;&nbsp;&nbsp;Buttons_Initialize
</UL>

<P><STRONG><a name="[8a]"></a>GPIO_SetDir</STRONG> (Thumb, 26 bytes, Stack size 8 bytes, gpio_lpc17xx.o(.text))
<BR><BR>[Stack]<UL><LI>Max Depth = 8<LI>Call Chain = GPIO_SetDir
</UL>
<BR>[Called By]<UL><LI><a href="#[e6]">&gt;&gt;</a>&nbsp;&nbsp;&nbsp;SSPx_Control
<LI><a href="#[6c]">&gt;&gt;</a>&nbsp;&nbsp;&nbsp;PHY_Write
<LI><a href="#[6b]">&gt;&gt;</a>&nbsp;&nbsp;&nbsp;PHY_Read
<LI><a href="#[5f]">&gt;&gt;</a>&nbsp;&nbsp;&nbsp;Uninitialize
<LI><a href="#[5e]">&gt;&gt;</a>&nbsp;&nbsp;&nbsp;Initialize
<LI><a href="#[d6]">&gt;&gt;</a>&nbsp;&nbsp;&nbsp;turnaround_MDIO
<LI><a href="#[d1]">&gt;&gt;</a>&nbsp;&nbsp;&nbsp;LED_Initialize
<LI><a href="#[87]">&gt;&gt;</a>&nbsp;&nbsp;&nbsp;Buttons_Initialize
<LI><a href="#[a1]">&gt;&gt;</a>&nbsp;&nbsp;&nbsp;LCD_init
<LI><a href="#[8f]">&gt;&gt;</a>&nbsp;&nbsp;&nbsp;InitLED
</UL>

<P><STRONG><a name="[ae]"></a>GPIO_PinWrite</STRONG> (Thumb, 20 bytes, Stack size 0 bytes, gpio_lpc17xx.o(.text))
<BR><BR>[Called By]<UL><LI><a href="#[e6]">&gt;&gt;</a>&nbsp;&nbsp;&nbsp;SSPx_Control
<LI><a href="#[6b]">&gt;&gt;</a>&nbsp;&nbsp;&nbsp;PHY_Read
<LI><a href="#[d6]">&gt;&gt;</a>&nbsp;&nbsp;&nbsp;turnaround_MDIO
<LI><a href="#[d5]">&gt;&gt;</a>&nbsp;&nbsp;&nbsp;output_MDIO
<LI><a href="#[d4]">&gt;&gt;</a>&nbsp;&nbsp;&nbsp;LED_Off
<LI><a href="#[d3]">&gt;&gt;</a>&nbsp;&nbsp;&nbsp;LED_On
<LI><a href="#[d1]">&gt;&gt;</a>&nbsp;&nbsp;&nbsp;LED_Initialize
<LI><a href="#[bd]">&gt;&gt;</a>&nbsp;&nbsp;&nbsp;LCD_wr_dat
<LI><a href="#[bc]">&gt;&gt;</a>&nbsp;&nbsp;&nbsp;LCD_wr_cmd
<LI><a href="#[ab]">&gt;&gt;</a>&nbsp;&nbsp;&nbsp;cgi_process_data
<LI><a href="#[a1]">&gt;&gt;</a>&nbsp;&nbsp;&nbsp;LCD_init
</UL>

<P><STRONG><a name="[8d]"></a>GPIO_PinRead</STRONG> (Thumb, 20 bytes, Stack size 0 bytes, gpio_lpc17xx.o(.text))
<BR><BR>[Called By]<UL><LI><a href="#[50]">&gt;&gt;</a>&nbsp;&nbsp;&nbsp;callback_Timer_pwd
<LI><a href="#[8c]">&gt;&gt;</a>&nbsp;&nbsp;&nbsp;Buttons_GetState
</UL>

<P><STRONG><a name="[9d]"></a>GPIO_PortWrite</STRONG> (Thumb, 14 bytes, Stack size 0 bytes, gpio_lpc17xx.o(.text))
<BR><BR>[Called By]<UL><LI><a href="#[ab]">&gt;&gt;</a>&nbsp;&nbsp;&nbsp;cgi_process_data
<LI><a href="#[4e]">&gt;&gt;</a>&nbsp;&nbsp;&nbsp;BlinkLed
</UL>

<P><STRONG><a name="[da]"></a>GPIO_PortRead</STRONG> (Thumb, 10 bytes, Stack size 0 bytes, gpio_lpc17xx.o(.text))
<BR><BR>[Called By]<UL><LI><a href="#[6b]">&gt;&gt;</a>&nbsp;&nbsp;&nbsp;PHY_Read
</UL>

<P><STRONG><a name="[89]"></a>PIN_Configure</STRONG> (Thumb, 100 bytes, Stack size 20 bytes, pin_lpc17xx.o(.text))
<BR><BR>[Stack]<UL><LI>Max Depth = 20<LI>Call Chain = PIN_Configure
</UL>
<BR>[Called By]<UL><LI><a href="#[e8]">&gt;&gt;</a>&nbsp;&nbsp;&nbsp;SSPx_Uninitialize
<LI><a href="#[e6]">&gt;&gt;</a>&nbsp;&nbsp;&nbsp;SSPx_Control
<LI><a href="#[db]">&gt;&gt;</a>&nbsp;&nbsp;&nbsp;SSPx_Initialize
<LI><a href="#[5f]">&gt;&gt;</a>&nbsp;&nbsp;&nbsp;Uninitialize
<LI><a href="#[5e]">&gt;&gt;</a>&nbsp;&nbsp;&nbsp;Initialize
<LI><a href="#[d2]">&gt;&gt;</a>&nbsp;&nbsp;&nbsp;LED_Uninitialize
<LI><a href="#[d1]">&gt;&gt;</a>&nbsp;&nbsp;&nbsp;LED_Initialize
<LI><a href="#[8b]">&gt;&gt;</a>&nbsp;&nbsp;&nbsp;Buttons_Uninitialize
<LI><a href="#[87]">&gt;&gt;</a>&nbsp;&nbsp;&nbsp;Buttons_Initialize
<LI><a href="#[c2]">&gt;&gt;</a>&nbsp;&nbsp;&nbsp;init_RTC
<LI><a href="#[9f]">&gt;&gt;</a>&nbsp;&nbsp;&nbsp;Init_Pot1
</UL>

<P><STRONG><a name="[1ea]"></a>PIN_ConfigureTPIU</STRONG> (Thumb, 24 bytes, Stack size 0 bytes, pin_lpc17xx.o(.text), UNUSED)

<P><STRONG><a name="[1eb]"></a>PIN_ConfigureI2C0Pins</STRONG> (Thumb, 22 bytes, Stack size 0 bytes, pin_lpc17xx.o(.text), UNUSED)

<P><STRONG><a name="[f2]"></a>SystemCoreClockUpdate</STRONG> (Thumb, 184 bytes, Stack size 16 bytes, system_lpc17xx_1.o(.text), UNUSED)
<BR><BR>[Calls]<UL><LI><a href="#[f3]">&gt;&gt;</a>&nbsp;&nbsp;&nbsp;__aeabi_uldivmod
</UL>

<P><STRONG><a name="[2f]"></a>SystemInit</STRONG> (Thumb, 196 bytes, Stack size 16 bytes, system_lpc17xx_1.o(.text))
<BR><BR>[Stack]<UL><LI>Max Depth = 16<LI>Call Chain = SystemInit
</UL>
<BR>[Address Reference Count : 1]<UL><LI> startup_lpc17xx_1.o(.text)
</UL>
<P><STRONG><a name="[f4]"></a>net_sys_init</STRONG> (Thumb, 42 bytes, Stack size 8 bytes, net_config.o(.text))
<BR><BR>[Stack]<UL><LI>Max Depth = 104<LI>Call Chain = net_sys_init &rArr; eth_init_link &rArr; osThreadCreate &rArr; svcThreadCreate &rArr; rt_tsk_create &rArr; rt_init_context &rArr; rt_init_stack
</UL>
<BR>[Calls]<UL><LI><a href="#[f8]">&gt;&gt;</a>&nbsp;&nbsp;&nbsp;udp_socket_init
<LI><a href="#[f9]">&gt;&gt;</a>&nbsp;&nbsp;&nbsp;tcp_socket_init
<LI><a href="#[fd]">&gt;&gt;</a>&nbsp;&nbsp;&nbsp;sntp_client_init
<LI><a href="#[fb]">&gt;&gt;</a>&nbsp;&nbsp;&nbsp;nbns_client_init
<LI><a href="#[f6]">&gt;&gt;</a>&nbsp;&nbsp;&nbsp;ip_localhost_init
<LI><a href="#[f7]">&gt;&gt;</a>&nbsp;&nbsp;&nbsp;icmp_service_init
<LI><a href="#[fa]">&gt;&gt;</a>&nbsp;&nbsp;&nbsp;http_server_init
<LI><a href="#[f5]">&gt;&gt;</a>&nbsp;&nbsp;&nbsp;eth_init_link
<LI><a href="#[fc]">&gt;&gt;</a>&nbsp;&nbsp;&nbsp;arp_notify
</UL>
<BR>[Called By]<UL><LI><a href="#[a0]">&gt;&gt;</a>&nbsp;&nbsp;&nbsp;net_initialize
</UL>

<P><STRONG><a name="[fe]"></a>net_sys_run</STRONG> (Thumb, 30 bytes, Stack size 8 bytes, net_config.o(.text))
<BR><BR>[Stack]<UL><LI>Max Depth = 344<LI>Call Chain = net_sys_run &rArr; http_server_run &rArr; http_kill_session &rArr; cgi_process_data &rArr; get_time &rArr; sntp_get_time &rArr; sntp_send_message &rArr; udp_send &rArr; ip_send_frame &rArr; eth_send_frame &rArr; arp_cache_find &rArr; arp_send_request &rArr; eth_output
</UL>
<BR>[Calls]<UL><LI><a href="#[102]">&gt;&gt;</a>&nbsp;&nbsp;&nbsp;tcp_socket_poll
<LI><a href="#[104]">&gt;&gt;</a>&nbsp;&nbsp;&nbsp;sntp_client_run
<LI><a href="#[100]">&gt;&gt;</a>&nbsp;&nbsp;&nbsp;ip_localhost_run
<LI><a href="#[101]">&gt;&gt;</a>&nbsp;&nbsp;&nbsp;icmp_service_run
<LI><a href="#[103]">&gt;&gt;</a>&nbsp;&nbsp;&nbsp;http_server_run
<LI><a href="#[ff]">&gt;&gt;</a>&nbsp;&nbsp;&nbsp;eth_run_link
</UL>
<BR>[Called By]<UL><LI><a href="#[a5]">&gt;&gt;</a>&nbsp;&nbsp;&nbsp;net_main
</UL>

<P><STRONG><a name="[172]"></a>igmp_is_member</STRONG> (Thumb, 4 bytes, Stack size 0 bytes, net_config.o(.text))
<BR><BR>[Called By]<UL><LI><a href="#[140]">&gt;&gt;</a>&nbsp;&nbsp;&nbsp;ip_chk_frame
</UL>

<P><STRONG><a name="[142]"></a>igmp_process</STRONG> (Thumb, 2 bytes, Stack size 0 bytes, net_config.o(.text))
<BR><BR>[Called By]<UL><LI><a href="#[ff]">&gt;&gt;</a>&nbsp;&nbsp;&nbsp;eth_run_link
</UL>

<P><STRONG><a name="[1ec]"></a>dhcp_disable</STRONG> (Thumb, 4 bytes, Stack size 0 bytes, net_config.o(.text), UNUSED)

<P><STRONG><a name="[177]"></a>ppp_send_frame</STRONG> (Thumb, 4 bytes, Stack size 0 bytes, net_config.o(.text))
<BR><BR>[Called By]<UL><LI><a href="#[16f]">&gt;&gt;</a>&nbsp;&nbsp;&nbsp;ip_send_frame
</UL>

<P><STRONG><a name="[178]"></a>slip_send_frame</STRONG> (Thumb, 4 bytes, Stack size 0 bytes, net_config.o(.text))
<BR><BR>[Called By]<UL><LI><a href="#[16f]">&gt;&gt;</a>&nbsp;&nbsp;&nbsp;ip_send_frame
</UL>

<P><STRONG><a name="[15b]"></a>http_server_fopen</STRONG> (Thumb, 4 bytes, Stack size 0 bytes, net_config.o(.text))
<BR><BR>[Called By]<UL><LI><a href="#[156]">&gt;&gt;</a>&nbsp;&nbsp;&nbsp;http_open_file
</UL>

<P><STRONG><a name="[152]"></a>http_server_fclose</STRONG> (Thumb, 2 bytes, Stack size 0 bytes, net_config.o(.text))
<BR><BR>[Called By]<UL><LI><a href="#[103]">&gt;&gt;</a>&nbsp;&nbsp;&nbsp;http_server_run
<LI><a href="#[151]">&gt;&gt;</a>&nbsp;&nbsp;&nbsp;http_kill_session
</UL>

<P><STRONG><a name="[16b]"></a>http_server_fread</STRONG> (Thumb, 4 bytes, Stack size 0 bytes, net_config.o(.text))
<BR><BR>[Called By]<UL><LI><a href="#[103]">&gt;&gt;</a>&nbsp;&nbsp;&nbsp;http_server_run
</UL>

<P><STRONG><a name="[193]"></a>http_server_fgets</STRONG> (Thumb, 4 bytes, Stack size 0 bytes, net_config.o(.text))
<BR><BR>[Called By]<UL><LI><a href="#[158]">&gt;&gt;</a>&nbsp;&nbsp;&nbsp;read_script_line
</UL>

<P><STRONG><a name="[15c]"></a>http_server_ftime</STRONG> (Thumb, 4 bytes, Stack size 0 bytes, net_config.o(.text))
<BR><BR>[Called By]<UL><LI><a href="#[156]">&gt;&gt;</a>&nbsp;&nbsp;&nbsp;http_open_file
</UL>

<P><STRONG><a name="[105]"></a>net_sys_error</STRONG> (Thumb, 2 bytes, Stack size 0 bytes, net_config.o(.text))
<BR><BR>[Calls]<UL><LI><a href="#[105]">&gt;&gt;</a>&nbsp;&nbsp;&nbsp;net_sys_error
</UL>
<BR>[Called By]<UL><LI><a href="#[105]">&gt;&gt;</a>&nbsp;&nbsp;&nbsp;net_sys_error
<LI><a href="#[164]">&gt;&gt;</a>&nbsp;&nbsp;&nbsp;tcp_get_socket
<LI><a href="#[18b]">&gt;&gt;</a>&nbsp;&nbsp;&nbsp;udp_get_socket
<LI><a href="#[144]">&gt;&gt;</a>&nbsp;&nbsp;&nbsp;tcp_process
<LI><a href="#[134]">&gt;&gt;</a>&nbsp;&nbsp;&nbsp;mem_free
<LI><a href="#[132]">&gt;&gt;</a>&nbsp;&nbsp;&nbsp;mem_alloc
</UL>

<P><STRONG><a name="[f3]"></a>__aeabi_uldivmod</STRONG> (Thumb, 98 bytes, Stack size 40 bytes, uldiv.o(.text))
<BR><BR>[Stack]<UL><LI>Max Depth = 40<LI>Call Chain = __aeabi_uldivmod
</UL>
<BR>[Calls]<UL><LI><a href="#[106]">&gt;&gt;</a>&nbsp;&nbsp;&nbsp;__aeabi_llsr
<LI><a href="#[107]">&gt;&gt;</a>&nbsp;&nbsp;&nbsp;__aeabi_llsl
</UL>
<BR>[Called By]<UL><LI><a href="#[f2]">&gt;&gt;</a>&nbsp;&nbsp;&nbsp;SystemCoreClockUpdate
<LI><a href="#[4a]">&gt;&gt;</a>&nbsp;&nbsp;&nbsp;svcTimerStart
<LI><a href="#[120]">&gt;&gt;</a>&nbsp;&nbsp;&nbsp;_printf_core
<LI><a href="#[121]">&gt;&gt;</a>&nbsp;&nbsp;&nbsp;_fp_digits
</UL>

<P><STRONG><a name="[c5]"></a>localtime</STRONG> (Thumb, 138 bytes, Stack size 8 bytes, localtime.o(.text))
<BR><BR>[Stack]<UL><LI>Max Depth = 8<LI>Call Chain = localtime
</UL>
<BR>[Called By]<UL><LI><a href="#[c4]">&gt;&gt;</a>&nbsp;&nbsp;&nbsp;convert_unix_to_local
</UL>

<P><STRONG><a name="[163]"></a>__aeabi_memcpy</STRONG> (Thumb, 36 bytes, Stack size 0 bytes, memcpya.o(.text))
<BR><BR>[Called By]<UL><LI><a href="#[a0]">&gt;&gt;</a>&nbsp;&nbsp;&nbsp;net_initialize
<LI><a href="#[103]">&gt;&gt;</a>&nbsp;&nbsp;&nbsp;http_server_run
<LI><a href="#[157]">&gt;&gt;</a>&nbsp;&nbsp;&nbsp;http_proc_post
<LI><a href="#[39]">&gt;&gt;</a>&nbsp;&nbsp;&nbsp;nbns_listener
<LI><a href="#[16f]">&gt;&gt;</a>&nbsp;&nbsp;&nbsp;ip_send_frame
<LI><a href="#[141]">&gt;&gt;</a>&nbsp;&nbsp;&nbsp;icmp_process
</UL>

<P><STRONG><a name="[9c]"></a>__aeabi_memcpy4</STRONG> (Thumb, 0 bytes, Stack size 0 bytes, memcpya.o(.text))
<BR><BR>[Called By]<UL><LI><a href="#[4e]">&gt;&gt;</a>&nbsp;&nbsp;&nbsp;BlinkLed
</UL>

<P><STRONG><a name="[1ed]"></a>__aeabi_memcpy8</STRONG> (Thumb, 0 bytes, Stack size 0 bytes, memcpya.o(.text), UNUSED)

<P><STRONG><a name="[109]"></a>__aeabi_memset</STRONG> (Thumb, 14 bytes, Stack size 0 bytes, memseta.o(.text))
<BR><BR>[Called By]<UL><LI><a href="#[10a]">&gt;&gt;</a>&nbsp;&nbsp;&nbsp;_memset$wrapper
<LI><a href="#[108]">&gt;&gt;</a>&nbsp;&nbsp;&nbsp;__aeabi_memclr
</UL>

<P><STRONG><a name="[1ee]"></a>__aeabi_memset4</STRONG> (Thumb, 0 bytes, Stack size 0 bytes, memseta.o(.text), UNUSED)

<P><STRONG><a name="[1ef]"></a>__aeabi_memset8</STRONG> (Thumb, 0 bytes, Stack size 0 bytes, memseta.o(.text), UNUSED)

<P><STRONG><a name="[108]"></a>__aeabi_memclr</STRONG> (Thumb, 4 bytes, Stack size 0 bytes, memseta.o(.text))
<BR><BR>[Calls]<UL><LI><a href="#[109]">&gt;&gt;</a>&nbsp;&nbsp;&nbsp;__aeabi_memset
</UL>
<BR>[Called By]<UL><LI><a href="#[1bc]">&gt;&gt;</a>&nbsp;&nbsp;&nbsp;sntp_send_message
</UL>

<P><STRONG><a name="[dc]"></a>__aeabi_memclr4</STRONG> (Thumb, 0 bytes, Stack size 0 bytes, memseta.o(.text))
<BR><BR>[Called By]<UL><LI><a href="#[e6]">&gt;&gt;</a>&nbsp;&nbsp;&nbsp;SSPx_Control
<LI><a href="#[df]">&gt;&gt;</a>&nbsp;&nbsp;&nbsp;SSPx_PowerControl
<LI><a href="#[db]">&gt;&gt;</a>&nbsp;&nbsp;&nbsp;SSPx_Initialize
<LI><a href="#[a0]">&gt;&gt;</a>&nbsp;&nbsp;&nbsp;net_initialize
<LI><a href="#[f8]">&gt;&gt;</a>&nbsp;&nbsp;&nbsp;udp_socket_init
<LI><a href="#[f9]">&gt;&gt;</a>&nbsp;&nbsp;&nbsp;tcp_socket_init
</UL>

<P><STRONG><a name="[1f0]"></a>__aeabi_memclr8</STRONG> (Thumb, 0 bytes, Stack size 0 bytes, memseta.o(.text), UNUSED)

<P><STRONG><a name="[10a]"></a>_memset$wrapper</STRONG> (Thumb, 18 bytes, Stack size 8 bytes, memseta.o(.text), UNUSED)
<BR><BR>[Calls]<UL><LI><a href="#[109]">&gt;&gt;</a>&nbsp;&nbsp;&nbsp;__aeabi_memset
</UL>

<P><STRONG><a name="[c0]"></a>strlen</STRONG> (Thumb, 14 bytes, Stack size 0 bytes, strlen.o(.text))
<BR><BR>[Called By]<UL><LI><a href="#[9a]">&gt;&gt;</a>&nbsp;&nbsp;&nbsp;EscribeLinea_2
<LI><a href="#[99]">&gt;&gt;</a>&nbsp;&nbsp;&nbsp;EscribeLinea_1
<LI><a href="#[158]">&gt;&gt;</a>&nbsp;&nbsp;&nbsp;read_script_line
</UL>

<P><STRONG><a name="[ac]"></a>strcmp</STRONG> (Thumb, 28 bytes, Stack size 8 bytes, strcmp.o(.text))
<BR><BR>[Stack]<UL><LI>Max Depth = 8<LI>Call Chain = strcmp
</UL>
<BR>[Called By]<UL><LI><a href="#[ab]">&gt;&gt;</a>&nbsp;&nbsp;&nbsp;cgi_process_data
<LI><a href="#[155]">&gt;&gt;</a>&nbsp;&nbsp;&nbsp;http_proc_header
</UL>

<P><STRONG><a name="[18e]"></a>memcmp</STRONG> (Thumb, 26 bytes, Stack size 12 bytes, memcmp.o(.text))
<BR><BR>[Stack]<UL><LI>Max Depth = 12<LI>Call Chain = memcmp
</UL>
<BR>[Called By]<UL><LI><a href="#[39]">&gt;&gt;</a>&nbsp;&nbsp;&nbsp;nbns_listener
</UL>

<P><STRONG><a name="[af]"></a>strcpy</STRONG> (Thumb, 18 bytes, Stack size 0 bytes, strcpy.o(.text))
<BR><BR>[Called By]<UL><LI><a href="#[ab]">&gt;&gt;</a>&nbsp;&nbsp;&nbsp;cgi_process_data
</UL>

<P><STRONG><a name="[a9]"></a>strncmp</STRONG> (Thumb, 30 bytes, Stack size 12 bytes, strncmp.o(.text))
<BR><BR>[Stack]<UL><LI>Max Depth = 12<LI>Call Chain = strncmp
</UL>
<BR>[Called By]<UL><LI><a href="#[b0]">&gt;&gt;</a>&nbsp;&nbsp;&nbsp;cgi_script
<LI><a href="#[ab]">&gt;&gt;</a>&nbsp;&nbsp;&nbsp;cgi_process_data
<LI><a href="#[a7]">&gt;&gt;</a>&nbsp;&nbsp;&nbsp;cgi_process_query
</UL>

<P><STRONG><a name="[10b]"></a>__0sscanf</STRONG> (Thumb, 48 bytes, Stack size 72 bytes, __0sscanf.o(.text))
<BR><BR>[Stack]<UL><LI>Max Depth = 216<LI>Call Chain = __0sscanf &rArr; __vfscanf_char &rArr; __vfscanf &rArr; _scanf_int
</UL>
<BR>[Calls]<UL><LI><a href="#[10c]">&gt;&gt;</a>&nbsp;&nbsp;&nbsp;__vfscanf_char
</UL>
<BR>[Called By]<UL><LI><a href="#[aa]">&gt;&gt;</a>&nbsp;&nbsp;&nbsp;ip4_aton
</UL>

<P><STRONG><a name="[10d]"></a>_scanf_int</STRONG> (Thumb, 332 bytes, Stack size 56 bytes, _scanf_int.o(.text))
<BR><BR>[Stack]<UL><LI>Max Depth = 56<LI>Call Chain = _scanf_int
</UL>
<BR>[Calls]<UL><LI><a href="#[10e]">&gt;&gt;</a>&nbsp;&nbsp;&nbsp;_chval
</UL>
<BR>[Called By]<UL><LI><a href="#[114]">&gt;&gt;</a>&nbsp;&nbsp;&nbsp;__vfscanf
</UL>

<P><STRONG><a name="[10f]"></a>atoi</STRONG> (Thumb, 26 bytes, Stack size 16 bytes, atoi.o(.text))
<BR><BR>[Stack]<UL><LI>Max Depth = 88<LI>Call Chain = atoi &rArr; strtol &rArr; _strtoul
</UL>
<BR>[Calls]<UL><LI><a href="#[111]">&gt;&gt;</a>&nbsp;&nbsp;&nbsp;strtol
<LI><a href="#[110]">&gt;&gt;</a>&nbsp;&nbsp;&nbsp;__aeabi_errno_addr
</UL>
<BR>[Called By]<UL><LI><a href="#[161]">&gt;&gt;</a>&nbsp;&nbsp;&nbsp;http_to_utc
<LI><a href="#[135]">&gt;&gt;</a>&nbsp;&nbsp;&nbsp;chk_post_req
</UL>

<P><STRONG><a name="[b4]"></a>__aeabi_fmul</STRONG> (Thumb, 100 bytes, Stack size 8 bytes, fmul.o(.text))
<BR><BR>[Stack]<UL><LI>Max Depth = 8<LI>Call Chain = __aeabi_fmul
</UL>
<BR>[Called By]<UL><LI><a href="#[b0]">&gt;&gt;</a>&nbsp;&nbsp;&nbsp;cgi_script
</UL>

<P><STRONG><a name="[b5]"></a>__ARM_scalbnf</STRONG> (Thumb, 24 bytes, Stack size 0 bytes, fscalb.o(.text))
<BR><BR>[Called By]<UL><LI><a href="#[b0]">&gt;&gt;</a>&nbsp;&nbsp;&nbsp;cgi_script
</UL>

<P><STRONG><a name="[1f1]"></a>scalbnf</STRONG> (Thumb, 0 bytes, Stack size 0 bytes, fscalb.o(.text), UNUSED)

<P><STRONG><a name="[ba]"></a>__aeabi_dmul</STRONG> (Thumb, 228 bytes, Stack size 48 bytes, dmul.o(.text))
<BR><BR>[Stack]<UL><LI>Max Depth = 88<LI>Call Chain = __aeabi_dmul &rArr; _double_epilogue &rArr; _double_round
</UL>
<BR>[Calls]<UL><LI><a href="#[112]">&gt;&gt;</a>&nbsp;&nbsp;&nbsp;_double_epilogue
</UL>
<BR>[Called By]<UL><LI><a href="#[b8]">&gt;&gt;</a>&nbsp;&nbsp;&nbsp;retardo_us
<LI><a href="#[121]">&gt;&gt;</a>&nbsp;&nbsp;&nbsp;_fp_digits
</UL>

<P><STRONG><a name="[b3]"></a>__aeabi_ui2f</STRONG> (Thumb, 10 bytes, Stack size 0 bytes, ffltui.o(.text))
<BR><BR>[Stack]<UL><LI>Max Depth = 4<LI>Call Chain = __aeabi_ui2f &rArr; _float_epilogue
</UL>
<BR>[Calls]<UL><LI><a href="#[113]">&gt;&gt;</a>&nbsp;&nbsp;&nbsp;_float_epilogue
</UL>
<BR>[Called By]<UL><LI><a href="#[b0]">&gt;&gt;</a>&nbsp;&nbsp;&nbsp;cgi_script
</UL>

<P><STRONG><a name="[b9]"></a>__aeabi_ui2d</STRONG> (Thumb, 26 bytes, Stack size 16 bytes, dfltui.o(.text))
<BR><BR>[Stack]<UL><LI>Max Depth = 56<LI>Call Chain = __aeabi_ui2d &rArr; _double_epilogue &rArr; _double_round
</UL>
<BR>[Calls]<UL><LI><a href="#[112]">&gt;&gt;</a>&nbsp;&nbsp;&nbsp;_double_epilogue
</UL>
<BR>[Called By]<UL><LI><a href="#[b8]">&gt;&gt;</a>&nbsp;&nbsp;&nbsp;retardo_us
</UL>

<P><STRONG><a name="[bb]"></a>__aeabi_d2uiz</STRONG> (Thumb, 50 bytes, Stack size 8 bytes, dfixui.o(.text))
<BR><BR>[Stack]<UL><LI>Max Depth = 8<LI>Call Chain = __aeabi_d2uiz
</UL>
<BR>[Calls]<UL><LI><a href="#[106]">&gt;&gt;</a>&nbsp;&nbsp;&nbsp;__aeabi_llsr
</UL>
<BR>[Called By]<UL><LI><a href="#[b8]">&gt;&gt;</a>&nbsp;&nbsp;&nbsp;retardo_us
</UL>

<P><STRONG><a name="[b6]"></a>__aeabi_f2d</STRONG> (Thumb, 38 bytes, Stack size 0 bytes, f2d.o(.text))
<BR><BR>[Called By]<UL><LI><a href="#[b0]">&gt;&gt;</a>&nbsp;&nbsp;&nbsp;cgi_script
</UL>

<P><STRONG><a name="[1f2]"></a>__aeabi_uidiv</STRONG> (Thumb, 0 bytes, Stack size 12 bytes, uidiv.o(.text), UNUSED)

<P><STRONG><a name="[125]"></a>__aeabi_uidivmod</STRONG> (Thumb, 44 bytes, Stack size 12 bytes, uidiv.o(.text), UNUSED)
<BR><BR>[Called By]<UL><LI><a href="#[120]">&gt;&gt;</a>&nbsp;&nbsp;&nbsp;_printf_core
</UL>

<P><STRONG><a name="[107]"></a>__aeabi_llsl</STRONG> (Thumb, 30 bytes, Stack size 0 bytes, llshl.o(.text))
<BR><BR>[Called By]<UL><LI><a href="#[f3]">&gt;&gt;</a>&nbsp;&nbsp;&nbsp;__aeabi_uldivmod
<LI><a href="#[112]">&gt;&gt;</a>&nbsp;&nbsp;&nbsp;_double_epilogue
<LI><a href="#[118]">&gt;&gt;</a>&nbsp;&nbsp;&nbsp;__aeabi_dadd
<LI><a href="#[11d]">&gt;&gt;</a>&nbsp;&nbsp;&nbsp;__aeabi_d2ulz
</UL>

<P><STRONG><a name="[1f3]"></a>_ll_shift_l</STRONG> (Thumb, 0 bytes, Stack size 0 bytes, llshl.o(.text), UNUSED)

<P><STRONG><a name="[106]"></a>__aeabi_llsr</STRONG> (Thumb, 32 bytes, Stack size 0 bytes, llushr.o(.text))
<BR><BR>[Called By]<UL><LI><a href="#[bb]">&gt;&gt;</a>&nbsp;&nbsp;&nbsp;__aeabi_d2uiz
<LI><a href="#[f3]">&gt;&gt;</a>&nbsp;&nbsp;&nbsp;__aeabi_uldivmod
<LI><a href="#[112]">&gt;&gt;</a>&nbsp;&nbsp;&nbsp;_double_epilogue
<LI><a href="#[11d]">&gt;&gt;</a>&nbsp;&nbsp;&nbsp;__aeabi_d2ulz
</UL>

<P><STRONG><a name="[1f4]"></a>_ll_ushift_r</STRONG> (Thumb, 0 bytes, Stack size 0 bytes, llushr.o(.text), UNUSED)

<P><STRONG><a name="[10e]"></a>_chval</STRONG> (Thumb, 28 bytes, Stack size 0 bytes, _chval.o(.text))
<BR><BR>[Called By]<UL><LI><a href="#[116]">&gt;&gt;</a>&nbsp;&nbsp;&nbsp;_strtoul
<LI><a href="#[10d]">&gt;&gt;</a>&nbsp;&nbsp;&nbsp;_scanf_int
</UL>

<P><STRONG><a name="[10c]"></a>__vfscanf_char</STRONG> (Thumb, 20 bytes, Stack size 0 bytes, scanf_char.o(.text))
<BR><BR>[Stack]<UL><LI>Max Depth = 144<LI>Call Chain = __vfscanf_char &rArr; __vfscanf &rArr; _scanf_int
</UL>
<BR>[Calls]<UL><LI><a href="#[114]">&gt;&gt;</a>&nbsp;&nbsp;&nbsp;__vfscanf
</UL>
<BR>[Called By]<UL><LI><a href="#[10b]">&gt;&gt;</a>&nbsp;&nbsp;&nbsp;__0sscanf
</UL>

<P><STRONG><a name="[32]"></a>_sgetc</STRONG> (Thumb, 30 bytes, Stack size 0 bytes, _sgetc.o(.text))
<BR>[Address Reference Count : 1]<UL><LI> __0sscanf.o(.text)
</UL>
<P><STRONG><a name="[33]"></a>_sbackspace</STRONG> (Thumb, 34 bytes, Stack size 0 bytes, _sgetc.o(.text))
<BR>[Address Reference Count : 1]<UL><LI> __0sscanf.o(.text)
</UL>
<P><STRONG><a name="[111]"></a>strtol</STRONG> (Thumb, 112 bytes, Stack size 32 bytes, strtol.o(.text))
<BR><BR>[Stack]<UL><LI>Max Depth = 72<LI>Call Chain = strtol &rArr; _strtoul
</UL>
<BR>[Calls]<UL><LI><a href="#[116]">&gt;&gt;</a>&nbsp;&nbsp;&nbsp;_strtoul
<LI><a href="#[115]">&gt;&gt;</a>&nbsp;&nbsp;&nbsp;__rt_ctype_table
<LI><a href="#[110]">&gt;&gt;</a>&nbsp;&nbsp;&nbsp;__aeabi_errno_addr
</UL>
<BR>[Called By]<UL><LI><a href="#[10f]">&gt;&gt;</a>&nbsp;&nbsp;&nbsp;atoi
</UL>

<P><STRONG><a name="[1f5]"></a>__I$use$fp</STRONG> (Thumb, 0 bytes, Stack size 0 bytes, iusefp.o(.text), UNUSED)

<P><STRONG><a name="[1f6]"></a>_float_round</STRONG> (Thumb, 18 bytes, Stack size 0 bytes, fepilogue.o(.text), UNUSED)

<P><STRONG><a name="[113]"></a>_float_epilogue</STRONG> (Thumb, 92 bytes, Stack size 4 bytes, fepilogue.o(.text))
<BR><BR>[Stack]<UL><LI>Max Depth = 4<LI>Call Chain = _float_epilogue
</UL>
<BR>[Called By]<UL><LI><a href="#[b3]">&gt;&gt;</a>&nbsp;&nbsp;&nbsp;__aeabi_ui2f
</UL>

<P><STRONG><a name="[117]"></a>_double_round</STRONG> (Thumb, 30 bytes, Stack size 8 bytes, depilogue.o(.text))
<BR><BR>[Stack]<UL><LI>Max Depth = 8<LI>Call Chain = _double_round
</UL>
<BR>[Called By]<UL><LI><a href="#[112]">&gt;&gt;</a>&nbsp;&nbsp;&nbsp;_double_epilogue
<LI><a href="#[11c]">&gt;&gt;</a>&nbsp;&nbsp;&nbsp;__aeabi_ddiv
<LI><a href="#[118]">&gt;&gt;</a>&nbsp;&nbsp;&nbsp;__aeabi_dadd
</UL>

<P><STRONG><a name="[112]"></a>_double_epilogue</STRONG> (Thumb, 156 bytes, Stack size 32 bytes, depilogue.o(.text))
<BR><BR>[Stack]<UL><LI>Max Depth = 40<LI>Call Chain = _double_epilogue &rArr; _double_round
</UL>
<BR>[Calls]<UL><LI><a href="#[117]">&gt;&gt;</a>&nbsp;&nbsp;&nbsp;_double_round
<LI><a href="#[106]">&gt;&gt;</a>&nbsp;&nbsp;&nbsp;__aeabi_llsr
<LI><a href="#[107]">&gt;&gt;</a>&nbsp;&nbsp;&nbsp;__aeabi_llsl
</UL>
<BR>[Called By]<UL><LI><a href="#[b9]">&gt;&gt;</a>&nbsp;&nbsp;&nbsp;__aeabi_ui2d
<LI><a href="#[ba]">&gt;&gt;</a>&nbsp;&nbsp;&nbsp;__aeabi_dmul
<LI><a href="#[118]">&gt;&gt;</a>&nbsp;&nbsp;&nbsp;__aeabi_dadd
</UL>

<P><STRONG><a name="[118]"></a>__aeabi_dadd</STRONG> (Thumb, 322 bytes, Stack size 48 bytes, dadd.o(.text), UNUSED)
<BR><BR>[Calls]<UL><LI><a href="#[119]">&gt;&gt;</a>&nbsp;&nbsp;&nbsp;__aeabi_lasr
<LI><a href="#[117]">&gt;&gt;</a>&nbsp;&nbsp;&nbsp;_double_round
<LI><a href="#[107]">&gt;&gt;</a>&nbsp;&nbsp;&nbsp;__aeabi_llsl
<LI><a href="#[112]">&gt;&gt;</a>&nbsp;&nbsp;&nbsp;_double_epilogue
</UL>
<BR>[Called By]<UL><LI><a href="#[11b]">&gt;&gt;</a>&nbsp;&nbsp;&nbsp;__aeabi_drsub
<LI><a href="#[11a]">&gt;&gt;</a>&nbsp;&nbsp;&nbsp;__aeabi_dsub
<LI><a href="#[121]">&gt;&gt;</a>&nbsp;&nbsp;&nbsp;_fp_digits
</UL>

<P><STRONG><a name="[11a]"></a>__aeabi_dsub</STRONG> (Thumb, 6 bytes, Stack size 0 bytes, dadd.o(.text), UNUSED)
<BR><BR>[Calls]<UL><LI><a href="#[118]">&gt;&gt;</a>&nbsp;&nbsp;&nbsp;__aeabi_dadd
</UL>

<P><STRONG><a name="[11b]"></a>__aeabi_drsub</STRONG> (Thumb, 6 bytes, Stack size 0 bytes, dadd.o(.text), UNUSED)
<BR><BR>[Calls]<UL><LI><a href="#[118]">&gt;&gt;</a>&nbsp;&nbsp;&nbsp;__aeabi_dadd
</UL>

<P><STRONG><a name="[11c]"></a>__aeabi_ddiv</STRONG> (Thumb, 222 bytes, Stack size 32 bytes, ddiv.o(.text), UNUSED)
<BR><BR>[Calls]<UL><LI><a href="#[117]">&gt;&gt;</a>&nbsp;&nbsp;&nbsp;_double_round
</UL>
<BR>[Called By]<UL><LI><a href="#[121]">&gt;&gt;</a>&nbsp;&nbsp;&nbsp;_fp_digits
</UL>

<P><STRONG><a name="[11d]"></a>__aeabi_d2ulz</STRONG> (Thumb, 48 bytes, Stack size 0 bytes, dfixul.o(.text), UNUSED)
<BR><BR>[Calls]<UL><LI><a href="#[106]">&gt;&gt;</a>&nbsp;&nbsp;&nbsp;__aeabi_llsr
<LI><a href="#[107]">&gt;&gt;</a>&nbsp;&nbsp;&nbsp;__aeabi_llsl
</UL>
<BR>[Called By]<UL><LI><a href="#[121]">&gt;&gt;</a>&nbsp;&nbsp;&nbsp;_fp_digits
</UL>

<P><STRONG><a name="[122]"></a>__aeabi_cdrcmple</STRONG> (Thumb, 48 bytes, Stack size 0 bytes, cdrcmple.o(.text), UNUSED)
<BR><BR>[Called By]<UL><LI><a href="#[121]">&gt;&gt;</a>&nbsp;&nbsp;&nbsp;_fp_digits
</UL>

<P><STRONG><a name="[7d]"></a>__scatterload</STRONG> (Thumb, 28 bytes, Stack size 0 bytes, init.o(.text))
<BR><BR>[Calls]<UL><LI><a href="#[11e]">&gt;&gt;</a>&nbsp;&nbsp;&nbsp;__main_after_scatterload
</UL>
<BR>[Called By]<UL><LI><a href="#[7c]">&gt;&gt;</a>&nbsp;&nbsp;&nbsp;_main_scatterload
</UL>

<P><STRONG><a name="[1f7]"></a>__scatterload_rt2</STRONG> (Thumb, 0 bytes, Stack size 0 bytes, init.o(.text), UNUSED)

<P><STRONG><a name="[119]"></a>__aeabi_lasr</STRONG> (Thumb, 36 bytes, Stack size 0 bytes, llsshr.o(.text), UNUSED)
<BR><BR>[Called By]<UL><LI><a href="#[118]">&gt;&gt;</a>&nbsp;&nbsp;&nbsp;__aeabi_dadd
</UL>

[...]
<BR><BR>[Stack]<UL><LI>Max Depth = 32<LI>Call Chain = tcp_transit &rArr; tcp_que_free &rArr; mem_free
</UL>
<BR>[Calls]<UL><LI><a href="#[1d7]">&gt;&gt;</a>&nbsp;&nbsp;&nbsp;tcp_que_free
</UL>
<BR>[Called By]<UL><LI><a href="#[102]">&gt;&gt;</a>&nbsp;&nbsp;&nbsp;tcp_socket_poll
<LI><a href="#[168]">&gt;&gt;</a>&nbsp;&nbsp;&nbsp;tcp_close
<LI><a href="#[16d]">&gt;&gt;</a>&nbsp;&nbsp;&nbsp;tcp_abort
<LI><a href="#[144]">&gt;&gt;</a>&nbsp;&nbsp;&nbsp;tcp_process
</UL>

<P><STRONG><a name="[1da]"></a>tcp_write</STRONG> (Thumb, 158 bytes, Stack size 24 bytes, net_tcp.o(i.tcp_write))
<BR><BR>[Stack]<UL><LI>Max Depth = 144<LI>Call Chain = tcp_write &rArr; ip_send_frame &rArr; eth_send_frame &rArr; arp_cache_find &rArr; arp_send_request &rArr; eth_output
</UL>
<BR>[Calls]<UL><LI><a href="#[171]">&gt;&gt;</a>&nbsp;&nbsp;&nbsp;ip_tx_offload
<LI><a href="#[16f]">&gt;&gt;</a>&nbsp;&nbsp;&nbsp;ip_send_frame
<LI><a href="#[175]">&gt;&gt;</a>&nbsp;&nbsp;&nbsp;ip_get_locadr
<LI><a href="#[1d2]">&gt;&gt;</a>&nbsp;&nbsp;&nbsp;ip4_checksum
</UL>
<BR>[Called By]<UL><LI><a href="#[1d5]">&gt;&gt;</a>&nbsp;&nbsp;&nbsp;tcp_send_reset
<LI><a href="#[1d9]">&gt;&gt;</a>&nbsp;&nbsp;&nbsp;tcp_send_data
<LI><a href="#[1cd]">&gt;&gt;</a>&nbsp;&nbsp;&nbsp;tcp_send_ctrl
</UL>

<P><STRONG><a name="[39]"></a>nbns_listener</STRONG> (Thumb, 334 bytes, Stack size 56 bytes, net_nbns_client.o(i.nbns_listener))
<BR><BR>[Stack]<UL><LI>Max Depth = 208<LI>Call Chain = nbns_listener &rArr; udp_send &rArr; ip_send_frame &rArr; eth_send_frame &rArr; arp_cache_find &rArr; arp_send_request &rArr; eth_output
</UL>
<BR>[Calls]<UL><LI><a href="#[18e]">&gt;&gt;</a>&nbsp;&nbsp;&nbsp;memcmp
<LI><a href="#[163]">&gt;&gt;</a>&nbsp;&nbsp;&nbsp;__aeabi_memcpy
<LI><a href="#[18d]">&gt;&gt;</a>&nbsp;&nbsp;&nbsp;str_up_case
<LI><a href="#[190]">&gt;&gt;</a>&nbsp;&nbsp;&nbsp;udp_send
<LI><a href="#[18f]">&gt;&gt;</a>&nbsp;&nbsp;&nbsp;udp_get_buf
<LI><a href="#[134]">&gt;&gt;</a>&nbsp;&nbsp;&nbsp;mem_free
<LI><a href="#[132]">&gt;&gt;</a>&nbsp;&nbsp;&nbsp;mem_alloc
</UL>
<BR>[Address Reference Count : 1]<UL><LI> net_nbns_client.o(i.nbns_client_init)
</UL>
<P><STRONG><a name="[126]"></a>add_server_id</STRONG> (Thumb, 16 bytes, Stack size 0 bytes, net_http_server.o(i.add_server_id))
<BR><BR>[Stack]<UL><LI>Max Depth = 24<LI>Call Chain = add_server_id &rArr; __2sprintf
</UL>
<BR>[Calls]<UL><LI><a href="#[96]">&gt;&gt;</a>&nbsp;&nbsp;&nbsp;__2sprintf
</UL>
<BR>[Called By]<UL><LI><a href="#[14c]">&gt;&gt;</a>&nbsp;&nbsp;&nbsp;http_error_msg
<LI><a href="#[147]">&gt;&gt;</a>&nbsp;&nbsp;&nbsp;http_add_header
</UL>

<P><STRONG><a name="[135]"></a>chk_post_req</STRONG> (Thumb, 258 bytes, Stack size 24 bytes, net_http_server.o(i.chk_post_req))
<BR><BR>[Stack]<UL><LI>Max Depth = 112<LI>Call Chain = chk_post_req &rArr; atoi &rArr; strtol &rArr; _strtoul
</UL>
<BR>[Calls]<UL><LI><a href="#[137]">&gt;&gt;</a>&nbsp;&nbsp;&nbsp;str_scomp
<LI><a href="#[138]">&gt;&gt;</a>&nbsp;&nbsp;&nbsp;http_strcpy
<LI><a href="#[139]">&gt;&gt;</a>&nbsp;&nbsp;&nbsp;get_next_par
<LI><a href="#[13a]">&gt;&gt;</a>&nbsp;&nbsp;&nbsp;get_next_field
<LI><a href="#[136]">&gt;&gt;</a>&nbsp;&nbsp;&nbsp;cmp_header
<LI><a href="#[132]">&gt;&gt;</a>&nbsp;&nbsp;&nbsp;mem_alloc
<LI><a href="#[10f]">&gt;&gt;</a>&nbsp;&nbsp;&nbsp;atoi
</UL>
<BR>[Called By]<UL><LI><a href="#[38]">&gt;&gt;</a>&nbsp;&nbsp;&nbsp;http_listener
</UL>

<P><STRONG><a name="[14f]"></a>cmp_fname_ext</STRONG> (Thumb, 30 bytes, Stack size 0 bytes, net_http_server.o(i.cmp_fname_ext))
<BR><BR>[Called By]<UL><LI><a href="#[14e]">&gt;&gt;</a>&nbsp;&nbsp;&nbsp;http_get_ftype
</UL>

<P><STRONG><a name="[136]"></a>cmp_header</STRONG> (Thumb, 40 bytes, Stack size 8 bytes, net_http_server.o(i.cmp_header))
<BR><BR>[Stack]<UL><LI>Max Depth = 8<LI>Call Chain = cmp_header
</UL>
<BR>[Called By]<UL><LI><a href="#[159]">&gt;&gt;</a>&nbsp;&nbsp;&nbsp;http_proc_multipart
<LI><a href="#[155]">&gt;&gt;</a>&nbsp;&nbsp;&nbsp;http_proc_header
<LI><a href="#[135]">&gt;&gt;</a>&nbsp;&nbsp;&nbsp;chk_post_req
</UL>

<P><STRONG><a name="[13a]"></a>get_next_field</STRONG> (Thumb, 40 bytes, Stack size 0 bytes, net_http_server.o(i.get_next_field))
<BR><BR>[Called By]<UL><LI><a href="#[159]">&gt;&gt;</a>&nbsp;&nbsp;&nbsp;http_proc_multipart
<LI><a href="#[155]">&gt;&gt;</a>&nbsp;&nbsp;&nbsp;http_proc_header
<LI><a href="#[135]">&gt;&gt;</a>&nbsp;&nbsp;&nbsp;chk_post_req
</UL>

<P><STRONG><a name="[139]"></a>get_next_par</STRONG> (Thumb, 50 bytes, Stack size 0 bytes, net_http_server.o(i.get_next_par))
<BR><BR>[Called By]<UL><LI><a href="#[159]">&gt;&gt;</a>&nbsp;&nbsp;&nbsp;http_proc_multipart
<LI><a href="#[135]">&gt;&gt;</a>&nbsp;&nbsp;&nbsp;chk_post_req
</UL>

<P><STRONG><a name="[14d]"></a>hex2byte</STRONG> (Thumb, 18 bytes, Stack size 0 bytes, net_http_server.o(i.hex2byte))
<BR><BR>[Called By]<UL><LI><a href="#[a8]">&gt;&gt;</a>&nbsp;&nbsp;&nbsp;http_get_env_var
</UL>

<P><STRONG><a name="[147]"></a>http_add_header</STRONG> (Thumb, 280 bytes, Stack size 24 bytes, net_http_server.o(i.http_add_header))
<BR><BR>[Stack]<UL><LI>Max Depth = 88<LI>Call Chain = http_add_header &rArr; utc_to_http &rArr; __2sprintf
</UL>
<BR>[Calls]<UL><LI><a href="#[14a]">&gt;&gt;</a>&nbsp;&nbsp;&nbsp;http_encoding
<LI><a href="#[148]">&gt;&gt;</a>&nbsp;&nbsp;&nbsp;cgx_content_type
<LI><a href="#[137]">&gt;&gt;</a>&nbsp;&nbsp;&nbsp;str_scomp
<LI><a href="#[149]">&gt;&gt;</a>&nbsp;&nbsp;&nbsp;str_copy
<LI><a href="#[14b]">&gt;&gt;</a>&nbsp;&nbsp;&nbsp;utc_to_http
<LI><a href="#[126]">&gt;&gt;</a>&nbsp;&nbsp;&nbsp;add_server_id
<LI><a href="#[96]">&gt;&gt;</a>&nbsp;&nbsp;&nbsp;__2sprintf
</UL>
<BR>[Called By]<UL><LI><a href="#[103]">&gt;&gt;</a>&nbsp;&nbsp;&nbsp;http_server_run
</UL>

<P><STRONG><a name="[14c]"></a>http_error_msg</STRONG> (Thumb, 166 bytes, Stack size 24 bytes, net_http_server.o(i.http_error_msg))
<BR><BR>[Stack]<UL><LI>Max Depth = 48<LI>Call Chain = http_error_msg &rArr; add_server_id &rArr; __2sprintf
</UL>
<BR>[Calls]<UL><LI><a href="#[149]">&gt;&gt;</a>&nbsp;&nbsp;&nbsp;str_copy
<LI><a href="#[126]">&gt;&gt;</a>&nbsp;&nbsp;&nbsp;add_server_id
<LI><a href="#[96]">&gt;&gt;</a>&nbsp;&nbsp;&nbsp;__2sprintf
</UL>
<BR>[Called By]<UL><LI><a href="#[103]">&gt;&gt;</a>&nbsp;&nbsp;&nbsp;http_server_run
</UL>

<P><STRONG><a name="[14e]"></a>http_get_ftype</STRONG> (Thumb, 106 bytes, Stack size 24 bytes, net_http_server.o(i.http_get_ftype))
<BR><BR>[Stack]<UL><LI>Max Depth = 24<LI>Call Chain = http_get_ftype
</UL>
<BR>[Calls]<UL><LI><a href="#[150]">&gt;&gt;</a>&nbsp;&nbsp;&nbsp;cgi_content_type
<LI><a href="#[14f]">&gt;&gt;</a>&nbsp;&nbsp;&nbsp;cmp_fname_ext
</UL>
<BR>[Called By]<UL><LI><a href="#[38]">&gt;&gt;</a>&nbsp;&nbsp;&nbsp;http_listener
</UL>

<P><STRONG><a name="[151]"></a>http_kill_session</STRONG> (Thumb, 94 bytes, Stack size 16 bytes, net_http_server.o(i.http_kill_session))
<BR><BR>[Stack]<UL><LI>Max Depth = 296<LI>Call Chain = http_kill_session &rArr; cgi_process_data &rArr; get_time &rArr; sntp_get_time &rArr; sntp_send_message &rArr; udp_send &rArr; ip_send_frame &rArr; eth_send_frame &rArr; arp_cache_find &rArr; arp_send_request &rArr; eth_output
</UL>
<BR>[Calls]<UL><LI><a href="#[ab]">&gt;&gt;</a>&nbsp;&nbsp;&nbsp;cgi_process_data
<LI><a href="#[152]">&gt;&gt;</a>&nbsp;&nbsp;&nbsp;http_server_fclose
<LI><a href="#[134]">&gt;&gt;</a>&nbsp;&nbsp;&nbsp;mem_free
</UL>
<BR>[Called By]<UL><LI><a href="#[103]">&gt;&gt;</a>&nbsp;&nbsp;&nbsp;http_server_run
<LI><a href="#[38]">&gt;&gt;</a>&nbsp;&nbsp;&nbsp;http_listener
</UL>

<P><STRONG><a name="[38]"></a>http_listener</STRONG> (Thumb, 500 bytes, Stack size 32 bytes, net_http_server.o(i.http_listener))
<BR><BR>[Stack]<UL><LI>Max Depth = 336<LI>Call Chain = http_listener &rArr; http_proc_post &rArr; cgi_process_data &rArr; get_time &rArr; sntp_get_time &rArr; sntp_send_message &rArr; udp_send &rArr; ip_send_frame &rArr; eth_send_frame &rArr; arp_cache_find &rArr; arp_send_request &rArr; eth_output
</UL>
<BR>[Calls]<UL><LI><a href="#[a7]">&gt;&gt;</a>&nbsp;&nbsp;&nbsp;cgi_process_query
<LI><a href="#[153]">&gt;&gt;</a>&nbsp;&nbsp;&nbsp;http_accept_client
<LI><a href="#[137]">&gt;&gt;</a>&nbsp;&nbsp;&nbsp;str_scomp
<LI><a href="#[158]">&gt;&gt;</a>&nbsp;&nbsp;&nbsp;read_script_line
<LI><a href="#[154]">&gt;&gt;</a>&nbsp;&nbsp;&nbsp;proc_req_line
<LI><a href="#[157]">&gt;&gt;</a>&nbsp;&nbsp;&nbsp;http_proc_post
<LI><a href="#[159]">&gt;&gt;</a>&nbsp;&nbsp;&nbsp;http_proc_multipart
<LI><a href="#[155]">&gt;&gt;</a>&nbsp;&nbsp;&nbsp;http_proc_header
<LI><a href="#[156]">&gt;&gt;</a>&nbsp;&nbsp;&nbsp;http_open_file
<LI><a href="#[151]">&gt;&gt;</a>&nbsp;&nbsp;&nbsp;http_kill_session
<LI><a href="#[14e]">&gt;&gt;</a>&nbsp;&nbsp;&nbsp;http_get_ftype
<LI><a href="#[135]">&gt;&gt;</a>&nbsp;&nbsp;&nbsp;chk_post_req
<LI><a href="#[132]">&gt;&gt;</a>&nbsp;&nbsp;&nbsp;mem_alloc
</UL>
<BR>[Address Reference Count : 1]<UL><LI> net_http_server.o(i.http_server_init)
</UL>
<P><STRONG><a name="[156]"></a>http_open_file</STRONG> (Thumb, 212 bytes, Stack size 24 bytes, net_http_server.o(i.http_open_file))
<BR><BR>[Stack]<UL><LI>Max Depth = 32<LI>Call Chain = http_open_file &rArr; imageFileInfo
</UL>
<BR>[Calls]<UL><LI><a href="#[15d]">&gt;&gt;</a>&nbsp;&nbsp;&nbsp;imageFileInfo
<LI><a href="#[15c]">&gt;&gt;</a>&nbsp;&nbsp;&nbsp;http_server_ftime
<LI><a href="#[15b]">&gt;&gt;</a>&nbsp;&nbsp;&nbsp;http_server_fopen
<LI><a href="#[15a]">&gt;&gt;</a>&nbsp;&nbsp;&nbsp;http_file_access
</UL>
<BR>[Called By]<UL><LI><a href="#[103]">&gt;&gt;</a>&nbsp;&nbsp;&nbsp;http_server_run
<LI><a href="#[38]">&gt;&gt;</a>&nbsp;&nbsp;&nbsp;http_listener
</UL>

<P><STRONG><a name="[155]"></a>http_proc_header</STRONG> (Thumb, 258 bytes, Stack size 32 bytes, net_http_server.o(i.http_proc_header))
<BR><BR>[Stack]<UL><LI>Max Depth = 152<LI>Call Chain = http_proc_header &rArr; http_to_utc &rArr; atoi &rArr; strtol &rArr; _strtoul
</UL>
<BR>[Calls]<UL><LI><a href="#[ac]">&gt;&gt;</a>&nbsp;&nbsp;&nbsp;strcmp
<LI><a href="#[160]">&gt;&gt;</a>&nbsp;&nbsp;&nbsp;http_check_account
<LI><a href="#[15f]">&gt;&gt;</a>&nbsp;&nbsp;&nbsp;str_pos
<LI><a href="#[15e]">&gt;&gt;</a>&nbsp;&nbsp;&nbsp;b64_to_asc
<LI><a href="#[161]">&gt;&gt;</a>&nbsp;&nbsp;&nbsp;http_to_utc
<LI><a href="#[13a]">&gt;&gt;</a>&nbsp;&nbsp;&nbsp;get_next_field
<LI><a href="#[136]">&gt;&gt;</a>&nbsp;&nbsp;&nbsp;cmp_header
</UL>
<BR>[Called By]<UL><LI><a href="#[38]">&gt;&gt;</a>&nbsp;&nbsp;&nbsp;http_listener
</UL>

<P><STRONG><a name="[159]"></a>http_proc_multipart</STRONG> (Thumb, 336 bytes, Stack size 24 bytes, net_http_server.o(i.http_proc_multipart))
<BR><BR>[Stack]<UL><LI>Max Depth = 304<LI>Call Chain = http_proc_multipart &rArr; cgi_process_data &rArr; get_time &rArr; sntp_get_time &rArr; sntp_send_message &rArr; udp_send &rArr; ip_send_frame &rArr; eth_send_frame &rArr; arp_cache_find &rArr; arp_send_request &rArr; eth_output
</UL>
<BR>[Calls]<UL><LI><a href="#[ab]">&gt;&gt;</a>&nbsp;&nbsp;&nbsp;cgi_process_data
<LI><a href="#[137]">&gt;&gt;</a>&nbsp;&nbsp;&nbsp;str_scomp
<LI><a href="#[162]">&gt;&gt;</a>&nbsp;&nbsp;&nbsp;search_delim
<LI><a href="#[139]">&gt;&gt;</a>&nbsp;&nbsp;&nbsp;get_next_par
<LI><a href="#[13a]">&gt;&gt;</a>&nbsp;&nbsp;&nbsp;get_next_field
<LI><a href="#[136]">&gt;&gt;</a>&nbsp;&nbsp;&nbsp;cmp_header
</UL>
<BR>[Called By]<UL><LI><a href="#[38]">&gt;&gt;</a>&nbsp;&nbsp;&nbsp;http_listener
</UL>

<P><STRONG><a name="[157]"></a>http_proc_post</STRONG> (Thumb, 236 bytes, Stack size 24 bytes, net_http_server.o(i.http_proc_post))
<BR><BR>[Stack]<UL><LI>Max Depth = 304<LI>Call Chain = http_proc_post &rArr; cgi_process_data &rArr; get_time &rArr; sntp_get_time &rArr; sntp_send_message &rArr; udp_send &rArr; ip_send_frame &rArr; eth_send_frame &rArr; arp_cache_find &rArr; arp_send_request &rArr; eth_output
</UL>
<BR>[Calls]<UL><LI><a href="#[ab]">&gt;&gt;</a>&nbsp;&nbsp;&nbsp;cgi_process_data
<LI><a href="#[163]">&gt;&gt;</a>&nbsp;&nbsp;&nbsp;__aeabi_memcpy
<LI><a href="#[134]">&gt;&gt;</a>&nbsp;&nbsp;&nbsp;mem_free
<LI><a href="#[132]">&gt;&gt;</a>&nbsp;&nbsp;&nbsp;mem_alloc
</UL>
<BR>[Called By]<UL><LI><a href="#[38]">&gt;&gt;</a>&nbsp;&nbsp;&nbsp;http_listener
</UL>

<P><STRONG><a name="[138]"></a>http_strcpy</STRONG> (Thumb, 32 bytes, Stack size 8 bytes, net_http_server.o(i.http_strcpy))
<BR><BR>[Stack]<UL><LI>Max Depth = 8<LI>Call Chain = http_strcpy
</UL>
<BR>[Called By]<UL><LI><a href="#[103]">&gt;&gt;</a>&nbsp;&nbsp;&nbsp;http_server_run
<LI><a href="#[135]">&gt;&gt;</a>&nbsp;&nbsp;&nbsp;chk_post_req
</UL>

<P><STRONG><a name="[161]"></a>http_to_utc</STRONG> (Thumb, 160 bytes, Stack size 32 bytes, net_http_server.o(i.http_to_utc))
<BR><BR>[Stack]<UL><LI>Max Depth = 120<LI>Call Chain = http_to_utc &rArr; atoi &rArr; strtol &rArr; _strtoul
</UL>
<BR>[Calls]<UL><LI><a href="#[137]">&gt;&gt;</a>&nbsp;&nbsp;&nbsp;str_scomp
<LI><a href="#[10f]">&gt;&gt;</a>&nbsp;&nbsp;&nbsp;atoi
</UL>
<BR>[Called By]<UL><LI><a href="#[155]">&gt;&gt;</a>&nbsp;&nbsp;&nbsp;http_proc_header
</UL>

<P><STRONG><a name="[154]"></a>proc_req_line</STRONG> (Thumb, 36 bytes, Stack size 0 bytes, net_http_server.o(i.proc_req_line))
<BR><BR>[Called By]<UL><LI><a href="#[38]">&gt;&gt;</a>&nbsp;&nbsp;&nbsp;http_listener
</UL>

<P><STRONG><a name="[158]"></a>read_script_line</STRONG> (Thumb, 160 bytes, Stack size 16 bytes, net_http_server.o(i.read_script_line))
<BR><BR>[Stack]<UL><LI>Max Depth = 16<LI>Call Chain = read_script_line
</UL>
<BR>[Calls]<UL><LI><a href="#[193]">&gt;&gt;</a>&nbsp;&nbsp;&nbsp;http_server_fgets
<LI><a href="#[c0]">&gt;&gt;</a>&nbsp;&nbsp;&nbsp;strlen
</UL>
<BR>[Called By]<UL><LI><a href="#[103]">&gt;&gt;</a>&nbsp;&nbsp;&nbsp;http_server_run
<LI><a href="#[38]">&gt;&gt;</a>&nbsp;&nbsp;&nbsp;http_listener
</UL>

<P><STRONG><a name="[162]"></a>search_delim</STRONG> (Thumb, 72 bytes, Stack size 16 bytes, net_http_server.o(i.search_delim))
<BR><BR>[Stack]<UL><LI>Max Depth = 16<LI>Call Chain = search_delim
</UL>
<BR>[Calls]<UL><LI><a href="#[137]">&gt;&gt;</a>&nbsp;&nbsp;&nbsp;str_scomp
</UL>
<BR>[Called By]<UL><LI><a href="#[159]">&gt;&gt;</a>&nbsp;&nbsp;&nbsp;http_proc_multipart
</UL>

<P><STRONG><a name="[14b]"></a>utc_to_http</STRONG> (Thumb, 196 bytes, Stack size 40 bytes, net_http_server.o(i.utc_to_http))
<BR><BR>[Stack]<UL><LI>Max Depth = 64<LI>Call Chain = utc_to_http &rArr; __2sprintf
</UL>
<BR>[Calls]<UL><LI><a href="#[96]">&gt;&gt;</a>&nbsp;&nbsp;&nbsp;__2sprintf
</UL>
<BR>[Called By]<UL><LI><a href="#[147]">&gt;&gt;</a>&nbsp;&nbsp;&nbsp;http_add_header
</UL>

<P><STRONG><a name="[4c]"></a>sntp_listener</STRONG> (Thumb, 106 bytes, Stack size 16 bytes, net_sntp_client.o(i.sntp_listener))
<BR><BR>[Stack]<UL><LI>Max Depth = 24<LI>Call Chain = sntp_listener &rArr; sntp_stop
</UL>
<BR>[Calls]<UL><LI><a href="#[1bd]">&gt;&gt;</a>&nbsp;&nbsp;&nbsp;sntp_stop
</UL>
<BR>[Address Reference Count : 1]<UL><LI> net_sntp_client.o(i.sntp_client_init)
</UL>
<P><STRONG><a name="[1bc]"></a>sntp_send_message</STRONG> (Thumb, 40 bytes, Stack size 16 bytes, net_sntp_client.o(i.sntp_send_message))
<BR><BR>[Stack]<UL><LI>Max Depth = 168<LI>Call Chain = sntp_send_message &rArr; udp_send &rArr; ip_send_frame &rArr; eth_send_frame &rArr; arp_cache_find &rArr; arp_send_request &rArr; eth_output
</UL>
<BR>[Calls]<UL><LI><a href="#[108]">&gt;&gt;</a>&nbsp;&nbsp;&nbsp;__aeabi_memclr
<LI><a href="#[190]">&gt;&gt;</a>&nbsp;&nbsp;&nbsp;udp_send
<LI><a href="#[18f]">&gt;&gt;</a>&nbsp;&nbsp;&nbsp;udp_get_buf
</UL>
<BR>[Called By]<UL><LI><a href="#[c8]">&gt;&gt;</a>&nbsp;&nbsp;&nbsp;sntp_get_time
<LI><a href="#[104]">&gt;&gt;</a>&nbsp;&nbsp;&nbsp;sntp_client_run
</UL>

<P><STRONG><a name="[1bd]"></a>sntp_stop</STRONG> (Thumb, 20 bytes, Stack size 8 bytes, net_sntp_client.o(i.sntp_stop))
<BR><BR>[Stack]<UL><LI>Max Depth = 8<LI>Call Chain = sntp_stop
</UL>
<BR>[Calls]<UL><LI><a href="#[1be]">&gt;&gt;</a>&nbsp;&nbsp;&nbsp;udp_close
</UL>
<BR>[Called By]<UL><LI><a href="#[104]">&gt;&gt;</a>&nbsp;&nbsp;&nbsp;sntp_client_run
<LI><a href="#[4c]">&gt;&gt;</a>&nbsp;&nbsp;&nbsp;sntp_listener
</UL>

<P><STRONG><a name="[7b]"></a>net_timer_tick</STRONG> (Thumb, 14 bytes, Stack size 0 bytes, net_sys.o(i.net_timer_tick))
<BR>[Address Reference Count : 1]<UL><LI> net_sys.o(.constdata)
</UL>
<P><STRONG><a name="[1a3]"></a>rt_init_context</STRONG> (Thumb, 66 bytes, Stack size 16 bytes, rt_task.o(i.rt_init_context))
<BR><BR>[Stack]<UL><LI>Max Depth = 32<LI>Call Chain = rt_init_context &rArr; rt_init_stack
</UL>
<BR>[Calls]<UL><LI><a href="#[1a4]">&gt;&gt;</a>&nbsp;&nbsp;&nbsp;rt_init_stack
<LI><a href="#[2d]">&gt;&gt;</a>&nbsp;&nbsp;&nbsp;rt_alloc_box
</UL>
<BR>[Called By]<UL><LI><a href="#[1b5]">&gt;&gt;</a>&nbsp;&nbsp;&nbsp;rt_tsk_create
<LI><a href="#[1ae]">&gt;&gt;</a>&nbsp;&nbsp;&nbsp;rt_sys_init
</UL>

<P><STRONG><a name="[183]"></a>mem_lock</STRONG> (Thumb, 12 bytes, Stack size 0 bytes, net_mem.o(i.mem_lock))
<BR><BR>[Calls]<UL><LI><a href="#[188]">&gt;&gt;</a>&nbsp;&nbsp;&nbsp;osMutexWait
</UL>
<BR>[Called By]<UL><LI><a href="#[189]">&gt;&gt;</a>&nbsp;&nbsp;&nbsp;mem_resize
<LI><a href="#[134]">&gt;&gt;</a>&nbsp;&nbsp;&nbsp;mem_free
<LI><a href="#[132]">&gt;&gt;</a>&nbsp;&nbsp;&nbsp;mem_alloc
</UL>

<P><STRONG><a name="[184]"></a>mem_unlock</STRONG> (Thumb, 8 bytes, Stack size 0 bytes, net_mem.o(i.mem_unlock))
<BR><BR>[Calls]<UL><LI><a href="#[18a]">&gt;&gt;</a>&nbsp;&nbsp;&nbsp;osMutexRelease
</UL>
<BR>[Called By]<UL><LI><a href="#[189]">&gt;&gt;</a>&nbsp;&nbsp;&nbsp;mem_resize
<LI><a href="#[134]">&gt;&gt;</a>&nbsp;&nbsp;&nbsp;mem_free
<LI><a href="#[132]">&gt;&gt;</a>&nbsp;&nbsp;&nbsp;mem_alloc
</UL>

<P><STRONG><a name="[185]"></a>get_crc32</STRONG> (Thumb, 24 bytes, Stack size 0 bytes, net_common.o(i.get_crc32))
<BR><BR>[Called By]<UL><LI><a href="#[13f]">&gt;&gt;</a>&nbsp;&nbsp;&nbsp;mem_crc32
</UL>

<P><STRONG><a name="[121]"></a>_fp_digits</STRONG> (Thumb, 366 bytes, Stack size 64 bytes, printfa.o(i._fp_digits), UNUSED)
<BR><BR>[Calls]<UL><LI><a href="#[ba]">&gt;&gt;</a>&nbsp;&nbsp;&nbsp;__aeabi_dmul
<LI><a href="#[f3]">&gt;&gt;</a>&nbsp;&nbsp;&nbsp;__aeabi_uldivmod
<LI><a href="#[11c]">&gt;&gt;</a>&nbsp;&nbsp;&nbsp;__aeabi_ddiv
<LI><a href="#[118]">&gt;&gt;</a>&nbsp;&nbsp;&nbsp;__aeabi_dadd
<LI><a href="#[11d]">&gt;&gt;</a>&nbsp;&nbsp;&nbsp;__aeabi_d2ulz
<LI><a href="#[122]">&gt;&gt;</a>&nbsp;&nbsp;&nbsp;__aeabi_cdrcmple
</UL>
<BR>[Called By]<UL><LI><a href="#[120]">&gt;&gt;</a>&nbsp;&nbsp;&nbsp;_printf_core
</UL>

<P><STRONG><a name="[120]"></a>_printf_core</STRONG> (Thumb, 1704 bytes, Stack size 136 bytes, printfa.o(i._printf_core), UNUSED)
<BR><BR>[Calls]<UL><LI><a href="#[f3]">&gt;&gt;</a>&nbsp;&nbsp;&nbsp;__aeabi_uldivmod
<LI><a href="#[125]">&gt;&gt;</a>&nbsp;&nbsp;&nbsp;__aeabi_uidivmod
<LI><a href="#[123]">&gt;&gt;</a>&nbsp;&nbsp;&nbsp;_printf_pre_padding
<LI><a href="#[124]">&gt;&gt;</a>&nbsp;&nbsp;&nbsp;_printf_post_padding
<LI><a href="#[121]">&gt;&gt;</a>&nbsp;&nbsp;&nbsp;_fp_digits
</UL>
<BR>[Called By]<UL><LI><a href="#[11f]">&gt;&gt;</a>&nbsp;&nbsp;&nbsp;__0sprintf
</UL>

<P><STRONG><a name="[124]"></a>_printf_post_padding</STRONG> (Thumb, 36 bytes, Stack size 24 bytes, printfa.o(i._printf_post_padding), UNUSED)
<BR><BR>[Called By]<UL><LI><a href="#[120]">&gt;&gt;</a>&nbsp;&nbsp;&nbsp;_printf_core
</UL>

<P><STRONG><a name="[123]"></a>_printf_pre_padding</STRONG> (Thumb, 46 bytes, Stack size 24 bytes, printfa.o(i._printf_pre_padding), UNUSED)
<BR><BR>[Called By]<UL><LI><a href="#[120]">&gt;&gt;</a>&nbsp;&nbsp;&nbsp;_printf_core
</UL>

<P><STRONG><a name="[36]"></a>_sputc</STRONG> (Thumb, 10 bytes, Stack size 0 bytes, printfa.o(i._sputc))
<BR><BR>[Called By]<UL><LI><a href="#[11f]">&gt;&gt;</a>&nbsp;&nbsp;&nbsp;__0sprintf
</UL>
<BR>[Address Reference Count : 1]<UL><LI> printfa.o(i.__0sprintf)
</UL>
<P><STRONG><a name="[34]"></a>_scanf_char_input</STRONG> (Thumb, 12 bytes, Stack size 0 bytes, scanf_char.o(.text))
<BR>[Address Reference Count : 1]<UL><LI> scanf_char.o(.text)
</UL><P>
<H3>
Undefined Global Symbols
</H3><HR></body></html>
